
Memory Configuration

Name             Origin             Length             Attributes
FLASH            0x0000000008000000 0x0000000000200000 xr
RAM              0x0000000020000000 0x0000000000030000 xrw
MEMORY_B1        0x0000000060000000 0x0000000000000000 xr
CCMRAM           0x0000000010000000 0x0000000000010000 rw
*default*        0x0000000000000000 0xffffffffffffffff

Linker script and memory map

LOAD build/src/main.o
LOAD build/lib/CORTEX_M4F_STM32F4/startup_stm32f429_439xx.o
LOAD build/lib/CORTEX_M4F_STM32F4/startup/system_stm32f4xx.o
LOAD build/lib/CORTEX_M4F_STM32F4/Libraries/STM32F4xx_StdPeriph_Driver/src/misc.o
LOAD build/lib/CORTEX_M4F_STM32F4/Libraries/STM32F4xx_StdPeriph_Driver/src/stm32f4xx_gpio.o
LOAD build/lib/CORTEX_M4F_STM32F4/Libraries/STM32F4xx_StdPeriph_Driver/src/stm32f4xx_rcc.o
LOAD build/lib/CORTEX_M4F_STM32F4/Libraries/STM32F4xx_StdPeriph_Driver/src/stm32f4xx_usart.o
LOAD build/lib/CORTEX_M4F_STM32F4/Libraries/STM32F4xx_StdPeriph_Driver/src/stm32f4xx_syscfg.o
LOAD build/lib/CORTEX_M4F_STM32F4/Libraries/STM32F4xx_StdPeriph_Driver/src/stm32f4xx_i2c.o
LOAD build/lib/CORTEX_M4F_STM32F4/Libraries/STM32F4xx_StdPeriph_Driver/src/stm32f4xx_dma.o
LOAD build/lib/CORTEX_M4F_STM32F4/Libraries/STM32F4xx_StdPeriph_Driver/src/stm32f4xx_spi.o
LOAD build/lib/CORTEX_M4F_STM32F4/Libraries/STM32F4xx_StdPeriph_Driver/src/stm32f4xx_exti.o
LOAD build/lib/CORTEX_M4F_STM32F4/Libraries/STM32F4xx_StdPeriph_Driver/src/stm32f4xx_dma2d.o
LOAD build/lib/CORTEX_M4F_STM32F4/Libraries/STM32F4xx_StdPeriph_Driver/src/stm32f4xx_ltdc.o
LOAD build/lib/CORTEX_M4F_STM32F4/Libraries/STM32F4xx_StdPeriph_Driver/src/stm32f4xx_fmc.o
LOAD build/lib/CORTEX_M4F_STM32F4/Libraries/STM32F4xx_StdPeriph_Driver/src/stm32f4xx_rng.o
LOAD build/lib/Utilities/STM32F429I-Discovery/stm32f429i_discovery.o
LOAD build/lib/Utilities/STM32F429I-Discovery/stm32f429i_discovery_sdram.o
LOAD build/lib/Utilities/STM32F429I-Discovery/stm32f429i_discovery_l3gd20.o
LOAD build/lib/Utilities/STM32F429I-Discovery/stm32f429i_discovery_lcd.o
LOAD build/lib/Utilities/STM32F429I-Discovery/stm32f429i_discovery_ioe.o
                0x0000000020030000                _estack = 0x20030000
                0x0000000000000000                _Min_Heap_Size = 0x0
                0x0000000000000400                _Min_Stack_Size = 0x400

.isr_vector     0x0000000008000000      0x1ac
                0x0000000008000000                . = ALIGN (0x4)
 *(.isr_vector)
 .isr_vector    0x0000000008000000      0x1ac build/lib/CORTEX_M4F_STM32F4/startup_stm32f429_439xx.o
                0x0000000008000000                g_pfnVectors
                0x00000000080001ac                . = ALIGN (0x4)

.text           0x00000000080001ac     0x9de8
                0x00000000080001ac                . = ALIGN (0x4)
 *(.text)
 .text          0x00000000080001ac        0x0 build/src/main.o
 .text          0x00000000080001ac       0x14 build/lib/CORTEX_M4F_STM32F4/startup_stm32f429_439xx.o
 .text          0x00000000080001c0        0x0 build/lib/CORTEX_M4F_STM32F4/startup/system_stm32f4xx.o
 .text          0x00000000080001c0        0x0 build/lib/CORTEX_M4F_STM32F4/Libraries/STM32F4xx_StdPeriph_Driver/src/misc.o
 .text          0x00000000080001c0        0x0 build/lib/CORTEX_M4F_STM32F4/Libraries/STM32F4xx_StdPeriph_Driver/src/stm32f4xx_gpio.o
 .text          0x00000000080001c0        0x0 build/lib/CORTEX_M4F_STM32F4/Libraries/STM32F4xx_StdPeriph_Driver/src/stm32f4xx_rcc.o
 .text          0x00000000080001c0        0x0 build/lib/CORTEX_M4F_STM32F4/Libraries/STM32F4xx_StdPeriph_Driver/src/stm32f4xx_usart.o
 .text          0x00000000080001c0        0x0 build/lib/CORTEX_M4F_STM32F4/Libraries/STM32F4xx_StdPeriph_Driver/src/stm32f4xx_syscfg.o
 .text          0x00000000080001c0        0x0 build/lib/CORTEX_M4F_STM32F4/Libraries/STM32F4xx_StdPeriph_Driver/src/stm32f4xx_i2c.o
 .text          0x00000000080001c0        0x0 build/lib/CORTEX_M4F_STM32F4/Libraries/STM32F4xx_StdPeriph_Driver/src/stm32f4xx_dma.o
 .text          0x00000000080001c0        0x0 build/lib/CORTEX_M4F_STM32F4/Libraries/STM32F4xx_StdPeriph_Driver/src/stm32f4xx_spi.o
 .text          0x00000000080001c0        0x0 build/lib/CORTEX_M4F_STM32F4/Libraries/STM32F4xx_StdPeriph_Driver/src/stm32f4xx_exti.o
 .text          0x00000000080001c0        0x0 build/lib/CORTEX_M4F_STM32F4/Libraries/STM32F4xx_StdPeriph_Driver/src/stm32f4xx_dma2d.o
 .text          0x00000000080001c0        0x0 build/lib/CORTEX_M4F_STM32F4/Libraries/STM32F4xx_StdPeriph_Driver/src/stm32f4xx_ltdc.o
 .text          0x00000000080001c0        0x0 build/lib/CORTEX_M4F_STM32F4/Libraries/STM32F4xx_StdPeriph_Driver/src/stm32f4xx_fmc.o
 .text          0x00000000080001c0        0x0 build/lib/CORTEX_M4F_STM32F4/Libraries/STM32F4xx_StdPeriph_Driver/src/stm32f4xx_rng.o
 .text          0x00000000080001c0        0x0 build/lib/Utilities/STM32F429I-Discovery/stm32f429i_discovery.o
 .text          0x00000000080001c0        0x0 build/lib/Utilities/STM32F429I-Discovery/stm32f429i_discovery_sdram.o
 .text          0x00000000080001c0        0x0 build/lib/Utilities/STM32F429I-Discovery/stm32f429i_discovery_l3gd20.o
 .text          0x00000000080001c0        0x0 build/lib/Utilities/STM32F429I-Discovery/stm32f429i_discovery_lcd.o
 .text          0x00000000080001c0        0x0 build/lib/Utilities/STM32F429I-Discovery/stm32f429i_discovery_ioe.o
 *(.text*)
 .text.RCC_Configuration
                0x00000000080001c0       0x10 build/src/main.o
                0x00000000080001c0                RCC_Configuration
 .text.GPIO_Configuration
                0x00000000080001d0       0x30 build/src/main.o
                0x00000000080001d0                GPIO_Configuration
 .text.L3GD20_Configuration
                0x0000000008000200       0x44 build/src/main.o
                0x0000000008000200                L3GD20_Configuration
 .text.ILI9341_Configuration
                0x0000000008000244       0xac build/src/main.o
                0x0000000008000244                ILI9341_Configuration
 .text.main     0x00000000080002f0       0x54 build/src/main.o
                0x00000000080002f0                main
 .text.Reset_Handler
                0x0000000008000344       0x44 build/lib/CORTEX_M4F_STM32F4/startup_stm32f429_439xx.o
                0x0000000008000344                Reset_Handler
 .text.Default_Handler
                0x0000000008000388        0x2 build/lib/CORTEX_M4F_STM32F4/startup_stm32f429_439xx.o
                0x0000000008000388                RTC_Alarm_IRQHandler
                0x0000000008000388                HASH_RNG_IRQHandler
                0x0000000008000388                EXTI2_IRQHandler
                0x0000000008000388                TIM8_CC_IRQHandler
                0x0000000008000388                DebugMon_Handler
                0x0000000008000388                UART8_IRQHandler
                0x0000000008000388                SPI4_IRQHandler
                0x0000000008000388                TIM1_CC_IRQHandler
                0x0000000008000388                DMA2_Stream5_IRQHandler
                0x0000000008000388                HardFault_Handler
                0x0000000008000388                DMA1_Stream5_IRQHandler
                0x0000000008000388                SysTick_Handler
                0x0000000008000388                PVD_IRQHandler
                0x0000000008000388                SDIO_IRQHandler
                0x0000000008000388                TAMP_STAMP_IRQHandler
                0x0000000008000388                PendSV_Handler
                0x0000000008000388                NMI_Handler
                0x0000000008000388                CAN2_RX1_IRQHandler
                0x0000000008000388                EXTI3_IRQHandler
                0x0000000008000388                TIM8_TRG_COM_TIM14_IRQHandler
                0x0000000008000388                TIM1_UP_TIM10_IRQHandler
                0x0000000008000388                TIM8_UP_TIM13_IRQHandler
                0x0000000008000388                I2C3_ER_IRQHandler
                0x0000000008000388                EXTI0_IRQHandler
                0x0000000008000388                I2C2_EV_IRQHandler
                0x0000000008000388                DMA1_Stream2_IRQHandler
                0x0000000008000388                CAN1_RX0_IRQHandler
                0x0000000008000388                FPU_IRQHandler
                0x0000000008000388                OTG_HS_WKUP_IRQHandler
                0x0000000008000388                UsageFault_Handler
                0x0000000008000388                LTDC_ER_IRQHandler
                0x0000000008000388                CAN2_SCE_IRQHandler
                0x0000000008000388                DMA2_Stream2_IRQHandler
                0x0000000008000388                SPI1_IRQHandler
                0x0000000008000388                TIM6_DAC_IRQHandler
                0x0000000008000388                TIM1_BRK_TIM9_IRQHandler
                0x0000000008000388                DCMI_IRQHandler
                0x0000000008000388                CAN2_RX0_IRQHandler
                0x0000000008000388                DMA2_Stream3_IRQHandler
                0x0000000008000388                USART6_IRQHandler
                0x0000000008000388                USART3_IRQHandler
                0x0000000008000388                CRYP_IRQHandler
                0x0000000008000388                CAN1_RX1_IRQHandler
                0x0000000008000388                UART5_IRQHandler
                0x0000000008000388                DMA2_Stream0_IRQHandler
                0x0000000008000388                TIM4_IRQHandler
                0x0000000008000388                I2C1_EV_IRQHandler
                0x0000000008000388                DMA1_Stream6_IRQHandler
                0x0000000008000388                DMA1_Stream1_IRQHandler
                0x0000000008000388                UART4_IRQHandler
                0x0000000008000388                TIM3_IRQHandler
                0x0000000008000388                RCC_IRQHandler
                0x0000000008000388                TIM8_BRK_TIM12_IRQHandler
                0x0000000008000388                Default_Handler
                0x0000000008000388                EXTI15_10_IRQHandler
                0x0000000008000388                ADC_IRQHandler
                0x0000000008000388                DMA1_Stream7_IRQHandler
                0x0000000008000388                SPI5_IRQHandler
                0x0000000008000388                TIM7_IRQHandler
                0x0000000008000388                CAN2_TX_IRQHandler
                0x0000000008000388                TIM5_IRQHandler
                0x0000000008000388                DMA2_Stream7_IRQHandler
                0x0000000008000388                I2C3_EV_IRQHandler
                0x0000000008000388                EXTI9_5_IRQHandler
                0x0000000008000388                RTC_WKUP_IRQHandler
                0x0000000008000388                LTDC_IRQHandler
                0x0000000008000388                ETH_WKUP_IRQHandler
                0x0000000008000388                SPI2_IRQHandler
                0x0000000008000388                OTG_HS_EP1_IN_IRQHandler
                0x0000000008000388                MemManage_Handler
                0x0000000008000388                DMA1_Stream0_IRQHandler
                0x0000000008000388                CAN1_TX_IRQHandler
                0x0000000008000388                SVC_Handler
                0x0000000008000388                EXTI4_IRQHandler
                0x0000000008000388                FSMC_IRQHandler
                0x0000000008000388                ETH_IRQHandler
                0x0000000008000388                OTG_HS_EP1_OUT_IRQHandler
                0x0000000008000388                WWDG_IRQHandler
                0x0000000008000388                SPI6_IRQHandler
                0x0000000008000388                TIM2_IRQHandler
                0x0000000008000388                OTG_FS_WKUP_IRQHandler
                0x0000000008000388                TIM1_TRG_COM_TIM11_IRQHandler
                0x0000000008000388                OTG_HS_IRQHandler
                0x0000000008000388                DMA2D_IRQHandler
                0x0000000008000388                EXTI1_IRQHandler
                0x0000000008000388                UART7_IRQHandler
                0x0000000008000388                USART2_IRQHandler
                0x0000000008000388                I2C2_ER_IRQHandler
                0x0000000008000388                DMA2_Stream1_IRQHandler
                0x0000000008000388                CAN1_SCE_IRQHandler
                0x0000000008000388                FLASH_IRQHandler
                0x0000000008000388                DMA2_Stream4_IRQHandler
                0x0000000008000388                BusFault_Handler
                0x0000000008000388                USART1_IRQHandler
                0x0000000008000388                OTG_FS_IRQHandler
                0x0000000008000388                SPI3_IRQHandler
                0x0000000008000388                DMA1_Stream4_IRQHandler
                0x0000000008000388                I2C1_ER_IRQHandler
                0x0000000008000388                DMA2_Stream6_IRQHandler
                0x0000000008000388                SAI1_IRQHandler
                0x0000000008000388                DMA1_Stream3_IRQHandler
 *fill*         0x000000000800038a        0x2 
 .text.SystemInit
                0x000000000800038c       0x68 build/lib/CORTEX_M4F_STM32F4/startup/system_stm32f4xx.o
                0x000000000800038c                SystemInit
 .text.SystemCoreClockUpdate
                0x00000000080003f4       0xf8 build/lib/CORTEX_M4F_STM32F4/startup/system_stm32f4xx.o
                0x00000000080003f4                SystemCoreClockUpdate
 .text.SetSysClock
                0x00000000080004ec       0xf4 build/lib/CORTEX_M4F_STM32F4/startup/system_stm32f4xx.o
 .text.NVIC_PriorityGroupConfig
                0x00000000080005e0       0x24 build/lib/CORTEX_M4F_STM32F4/Libraries/STM32F4xx_StdPeriph_Driver/src/misc.o
                0x00000000080005e0                NVIC_PriorityGroupConfig
 .text.NVIC_Init
                0x0000000008000604       0xbc build/lib/CORTEX_M4F_STM32F4/Libraries/STM32F4xx_StdPeriph_Driver/src/misc.o
                0x0000000008000604                NVIC_Init
 .text.NVIC_SetVectorTable
                0x00000000080006c0       0x2c build/lib/CORTEX_M4F_STM32F4/Libraries/STM32F4xx_StdPeriph_Driver/src/misc.o
                0x00000000080006c0                NVIC_SetVectorTable
 .text.NVIC_SystemLPConfig
                0x00000000080006ec       0x40 build/lib/CORTEX_M4F_STM32F4/Libraries/STM32F4xx_StdPeriph_Driver/src/misc.o
                0x00000000080006ec                NVIC_SystemLPConfig
 .text.SysTick_CLKSourceConfig
                0x000000000800072c       0x38 build/lib/CORTEX_M4F_STM32F4/Libraries/STM32F4xx_StdPeriph_Driver/src/misc.o
                0x000000000800072c                SysTick_CLKSourceConfig
 .text.GPIO_DeInit
                0x0000000008000764      0x164 build/lib/CORTEX_M4F_STM32F4/Libraries/STM32F4xx_StdPeriph_Driver/src/stm32f4xx_gpio.o
                0x0000000008000764                GPIO_DeInit
 .text.GPIO_Init
                0x00000000080008c8      0x11c build/lib/CORTEX_M4F_STM32F4/Libraries/STM32F4xx_StdPeriph_Driver/src/stm32f4xx_gpio.o
                0x00000000080008c8                GPIO_Init
 .text.GPIO_StructInit
                0x00000000080009e4       0x34 build/lib/CORTEX_M4F_STM32F4/Libraries/STM32F4xx_StdPeriph_Driver/src/stm32f4xx_gpio.o
                0x00000000080009e4                GPIO_StructInit
 .text.GPIO_PinLockConfig
                0x0000000008000a18       0x44 build/lib/CORTEX_M4F_STM32F4/Libraries/STM32F4xx_StdPeriph_Driver/src/stm32f4xx_gpio.o
                0x0000000008000a18                GPIO_PinLockConfig
 .text.GPIO_ReadInputDataBit
                0x0000000008000a5c       0x34 build/lib/CORTEX_M4F_STM32F4/Libraries/STM32F4xx_StdPeriph_Driver/src/stm32f4xx_gpio.o
                0x0000000008000a5c                GPIO_ReadInputDataBit
 .text.GPIO_ReadInputData
                0x0000000008000a90       0x1c build/lib/CORTEX_M4F_STM32F4/Libraries/STM32F4xx_StdPeriph_Driver/src/stm32f4xx_gpio.o
                0x0000000008000a90                GPIO_ReadInputData
 .text.GPIO_ReadOutputDataBit
                0x0000000008000aac       0x34 build/lib/CORTEX_M4F_STM32F4/Libraries/STM32F4xx_StdPeriph_Driver/src/stm32f4xx_gpio.o
                0x0000000008000aac                GPIO_ReadOutputDataBit
 .text.GPIO_ReadOutputData
                0x0000000008000ae0       0x1c build/lib/CORTEX_M4F_STM32F4/Libraries/STM32F4xx_StdPeriph_Driver/src/stm32f4xx_gpio.o
                0x0000000008000ae0                GPIO_ReadOutputData
 .text.GPIO_SetBits
                0x0000000008000afc       0x1c build/lib/CORTEX_M4F_STM32F4/Libraries/STM32F4xx_StdPeriph_Driver/src/stm32f4xx_gpio.o
                0x0000000008000afc                GPIO_SetBits
 .text.GPIO_ResetBits
                0x0000000008000b18       0x1c build/lib/CORTEX_M4F_STM32F4/Libraries/STM32F4xx_StdPeriph_Driver/src/stm32f4xx_gpio.o
                0x0000000008000b18                GPIO_ResetBits
 .text.GPIO_WriteBit
                0x0000000008000b34       0x30 build/lib/CORTEX_M4F_STM32F4/Libraries/STM32F4xx_StdPeriph_Driver/src/stm32f4xx_gpio.o
                0x0000000008000b34                GPIO_WriteBit
 .text.GPIO_Write
                0x0000000008000b64       0x1c build/lib/CORTEX_M4F_STM32F4/Libraries/STM32F4xx_StdPeriph_Driver/src/stm32f4xx_gpio.o
                0x0000000008000b64                GPIO_Write
 .text.GPIO_ToggleBits
                0x0000000008000b80       0x24 build/lib/CORTEX_M4F_STM32F4/Libraries/STM32F4xx_StdPeriph_Driver/src/stm32f4xx_gpio.o
                0x0000000008000b80                GPIO_ToggleBits
 .text.GPIO_PinAFConfig
                0x0000000008000ba4       0x8c build/lib/CORTEX_M4F_STM32F4/Libraries/STM32F4xx_StdPeriph_Driver/src/stm32f4xx_gpio.o
                0x0000000008000ba4                GPIO_PinAFConfig
 .text.RCC_DeInit
                0x0000000008000c30       0x70 build/lib/CORTEX_M4F_STM32F4/Libraries/STM32F4xx_StdPeriph_Driver/src/stm32f4xx_rcc.o
                0x0000000008000c30                RCC_DeInit
 .text.RCC_HSEConfig
                0x0000000008000ca0       0x24 build/lib/CORTEX_M4F_STM32F4/Libraries/STM32F4xx_StdPeriph_Driver/src/stm32f4xx_rcc.o
                0x0000000008000ca0                RCC_HSEConfig
 .text.RCC_WaitForHSEStartUp
                0x0000000008000cc4       0x50 build/lib/CORTEX_M4F_STM32F4/Libraries/STM32F4xx_StdPeriph_Driver/src/stm32f4xx_rcc.o
                0x0000000008000cc4                RCC_WaitForHSEStartUp
 .text.RCC_AdjustHSICalibrationValue
                0x0000000008000d14       0x3c build/lib/CORTEX_M4F_STM32F4/Libraries/STM32F4xx_StdPeriph_Driver/src/stm32f4xx_rcc.o
                0x0000000008000d14                RCC_AdjustHSICalibrationValue
 .text.RCC_HSICmd
                0x0000000008000d50       0x20 build/lib/CORTEX_M4F_STM32F4/Libraries/STM32F4xx_StdPeriph_Driver/src/stm32f4xx_rcc.o
                0x0000000008000d50                RCC_HSICmd
 .text.RCC_LSEConfig
                0x0000000008000d70       0x40 build/lib/CORTEX_M4F_STM32F4/Libraries/STM32F4xx_StdPeriph_Driver/src/stm32f4xx_rcc.o
                0x0000000008000d70                RCC_LSEConfig
 .text.RCC_LSICmd
                0x0000000008000db0       0x20 build/lib/CORTEX_M4F_STM32F4/Libraries/STM32F4xx_StdPeriph_Driver/src/stm32f4xx_rcc.o
                0x0000000008000db0                RCC_LSICmd
 .text.RCC_PLLConfig
                0x0000000008000dd0       0x3c build/lib/CORTEX_M4F_STM32F4/Libraries/STM32F4xx_StdPeriph_Driver/src/stm32f4xx_rcc.o
                0x0000000008000dd0                RCC_PLLConfig
 .text.RCC_PLLCmd
                0x0000000008000e0c       0x20 build/lib/CORTEX_M4F_STM32F4/Libraries/STM32F4xx_StdPeriph_Driver/src/stm32f4xx_rcc.o
                0x0000000008000e0c                RCC_PLLCmd
 .text.RCC_PLLI2SConfig
                0x0000000008000e2c       0x30 build/lib/CORTEX_M4F_STM32F4/Libraries/STM32F4xx_StdPeriph_Driver/src/stm32f4xx_rcc.o
                0x0000000008000e2c                RCC_PLLI2SConfig
 .text.RCC_PLLI2SCmd
                0x0000000008000e5c       0x20 build/lib/CORTEX_M4F_STM32F4/Libraries/STM32F4xx_StdPeriph_Driver/src/stm32f4xx_rcc.o
                0x0000000008000e5c                RCC_PLLI2SCmd
 .text.RCC_PLLSAIConfig
                0x0000000008000e7c       0x30 build/lib/CORTEX_M4F_STM32F4/Libraries/STM32F4xx_StdPeriph_Driver/src/stm32f4xx_rcc.o
                0x0000000008000e7c                RCC_PLLSAIConfig
 .text.RCC_PLLSAICmd
                0x0000000008000eac       0x20 build/lib/CORTEX_M4F_STM32F4/Libraries/STM32F4xx_StdPeriph_Driver/src/stm32f4xx_rcc.o
                0x0000000008000eac                RCC_PLLSAICmd
 .text.RCC_ClockSecuritySystemCmd
                0x0000000008000ecc       0x20 build/lib/CORTEX_M4F_STM32F4/Libraries/STM32F4xx_StdPeriph_Driver/src/stm32f4xx_rcc.o
                0x0000000008000ecc                RCC_ClockSecuritySystemCmd
 .text.RCC_MCO1Config
                0x0000000008000eec       0x3c build/lib/CORTEX_M4F_STM32F4/Libraries/STM32F4xx_StdPeriph_Driver/src/stm32f4xx_rcc.o
                0x0000000008000eec                RCC_MCO1Config
 .text.RCC_MCO2Config
                0x0000000008000f28       0x3c build/lib/CORTEX_M4F_STM32F4/Libraries/STM32F4xx_StdPeriph_Driver/src/stm32f4xx_rcc.o
                0x0000000008000f28                RCC_MCO2Config
 .text.RCC_SYSCLKConfig
                0x0000000008000f64       0x38 build/lib/CORTEX_M4F_STM32F4/Libraries/STM32F4xx_StdPeriph_Driver/src/stm32f4xx_rcc.o
                0x0000000008000f64                RCC_SYSCLKConfig
 .text.RCC_GetSYSCLKSource
                0x0000000008000f9c       0x20 build/lib/CORTEX_M4F_STM32F4/Libraries/STM32F4xx_StdPeriph_Driver/src/stm32f4xx_rcc.o
                0x0000000008000f9c                RCC_GetSYSCLKSource
 .text.RCC_HCLKConfig
                0x0000000008000fbc       0x38 build/lib/CORTEX_M4F_STM32F4/Libraries/STM32F4xx_StdPeriph_Driver/src/stm32f4xx_rcc.o
                0x0000000008000fbc                RCC_HCLKConfig
 .text.RCC_PCLK1Config
                0x0000000008000ff4       0x38 build/lib/CORTEX_M4F_STM32F4/Libraries/STM32F4xx_StdPeriph_Driver/src/stm32f4xx_rcc.o
                0x0000000008000ff4                RCC_PCLK1Config
 .text.RCC_PCLK2Config
                0x000000000800102c       0x38 build/lib/CORTEX_M4F_STM32F4/Libraries/STM32F4xx_StdPeriph_Driver/src/stm32f4xx_rcc.o
                0x000000000800102c                RCC_PCLK2Config
 .text.RCC_GetClocksFreq
                0x0000000008001064      0x154 build/lib/CORTEX_M4F_STM32F4/Libraries/STM32F4xx_StdPeriph_Driver/src/stm32f4xx_rcc.o
                0x0000000008001064                RCC_GetClocksFreq
 .text.RCC_RTCCLKConfig
                0x00000000080011b8       0x5c build/lib/CORTEX_M4F_STM32F4/Libraries/STM32F4xx_StdPeriph_Driver/src/stm32f4xx_rcc.o
                0x00000000080011b8                RCC_RTCCLKConfig
 .text.RCC_RTCCLKCmd
                0x0000000008001214       0x20 build/lib/CORTEX_M4F_STM32F4/Libraries/STM32F4xx_StdPeriph_Driver/src/stm32f4xx_rcc.o
                0x0000000008001214                RCC_RTCCLKCmd
 .text.RCC_BackupResetCmd
                0x0000000008001234       0x20 build/lib/CORTEX_M4F_STM32F4/Libraries/STM32F4xx_StdPeriph_Driver/src/stm32f4xx_rcc.o
                0x0000000008001234                RCC_BackupResetCmd
 .text.RCC_I2SCLKConfig
                0x0000000008001254       0x1c build/lib/CORTEX_M4F_STM32F4/Libraries/STM32F4xx_StdPeriph_Driver/src/stm32f4xx_rcc.o
                0x0000000008001254                RCC_I2SCLKConfig
 .text.RCC_SAIPLLI2SClkDivConfig
                0x0000000008001270       0x3c build/lib/CORTEX_M4F_STM32F4/Libraries/STM32F4xx_StdPeriph_Driver/src/stm32f4xx_rcc.o
                0x0000000008001270                RCC_SAIPLLI2SClkDivConfig
 .text.RCC_SAIPLLSAIClkDivConfig
                0x00000000080012ac       0x40 build/lib/CORTEX_M4F_STM32F4/Libraries/STM32F4xx_StdPeriph_Driver/src/stm32f4xx_rcc.o
                0x00000000080012ac                RCC_SAIPLLSAIClkDivConfig
 .text.RCC_SAIBlockACLKConfig
                0x00000000080012ec       0x3c build/lib/CORTEX_M4F_STM32F4/Libraries/STM32F4xx_StdPeriph_Driver/src/stm32f4xx_rcc.o
                0x00000000080012ec                RCC_SAIBlockACLKConfig
 .text.RCC_SAIBlockBCLKConfig
                0x0000000008001328       0x3c build/lib/CORTEX_M4F_STM32F4/Libraries/STM32F4xx_StdPeriph_Driver/src/stm32f4xx_rcc.o
                0x0000000008001328                RCC_SAIBlockBCLKConfig
 .text.RCC_LTDCCLKDivConfig
                0x0000000008001364       0x3c build/lib/CORTEX_M4F_STM32F4/Libraries/STM32F4xx_StdPeriph_Driver/src/stm32f4xx_rcc.o
                0x0000000008001364                RCC_LTDCCLKDivConfig
 .text.RCC_TIMCLKPresConfig
                0x00000000080013a0       0x1c build/lib/CORTEX_M4F_STM32F4/Libraries/STM32F4xx_StdPeriph_Driver/src/stm32f4xx_rcc.o
                0x00000000080013a0                RCC_TIMCLKPresConfig
 .text.RCC_AHB1PeriphClockCmd
                0x00000000080013bc       0x3c build/lib/CORTEX_M4F_STM32F4/Libraries/STM32F4xx_StdPeriph_Driver/src/stm32f4xx_rcc.o
                0x00000000080013bc                RCC_AHB1PeriphClockCmd
 .text.RCC_AHB2PeriphClockCmd
                0x00000000080013f8       0x3c build/lib/CORTEX_M4F_STM32F4/Libraries/STM32F4xx_StdPeriph_Driver/src/stm32f4xx_rcc.o
                0x00000000080013f8                RCC_AHB2PeriphClockCmd
 .text.RCC_AHB3PeriphClockCmd
                0x0000000008001434       0x3c build/lib/CORTEX_M4F_STM32F4/Libraries/STM32F4xx_StdPeriph_Driver/src/stm32f4xx_rcc.o
                0x0000000008001434                RCC_AHB3PeriphClockCmd
 .text.RCC_APB1PeriphClockCmd
                0x0000000008001470       0x3c build/lib/CORTEX_M4F_STM32F4/Libraries/STM32F4xx_StdPeriph_Driver/src/stm32f4xx_rcc.o
                0x0000000008001470                RCC_APB1PeriphClockCmd
 .text.RCC_APB2PeriphClockCmd
                0x00000000080014ac       0x3c build/lib/CORTEX_M4F_STM32F4/Libraries/STM32F4xx_StdPeriph_Driver/src/stm32f4xx_rcc.o
                0x00000000080014ac                RCC_APB2PeriphClockCmd
 .text.RCC_AHB1PeriphResetCmd
                0x00000000080014e8       0x3c build/lib/CORTEX_M4F_STM32F4/Libraries/STM32F4xx_StdPeriph_Driver/src/stm32f4xx_rcc.o
                0x00000000080014e8                RCC_AHB1PeriphResetCmd
 .text.RCC_AHB2PeriphResetCmd
                0x0000000008001524       0x3c build/lib/CORTEX_M4F_STM32F4/Libraries/STM32F4xx_StdPeriph_Driver/src/stm32f4xx_rcc.o
                0x0000000008001524                RCC_AHB2PeriphResetCmd
 .text.RCC_AHB3PeriphResetCmd
                0x0000000008001560       0x3c build/lib/CORTEX_M4F_STM32F4/Libraries/STM32F4xx_StdPeriph_Driver/src/stm32f4xx_rcc.o
                0x0000000008001560                RCC_AHB3PeriphResetCmd
 .text.RCC_APB1PeriphResetCmd
                0x000000000800159c       0x3c build/lib/CORTEX_M4F_STM32F4/Libraries/STM32F4xx_StdPeriph_Driver/src/stm32f4xx_rcc.o
                0x000000000800159c                RCC_APB1PeriphResetCmd
 .text.RCC_APB2PeriphResetCmd
                0x00000000080015d8       0x3c build/lib/CORTEX_M4F_STM32F4/Libraries/STM32F4xx_StdPeriph_Driver/src/stm32f4xx_rcc.o
                0x00000000080015d8                RCC_APB2PeriphResetCmd
 .text.RCC_AHB1PeriphClockLPModeCmd
                0x0000000008001614       0x3c build/lib/CORTEX_M4F_STM32F4/Libraries/STM32F4xx_StdPeriph_Driver/src/stm32f4xx_rcc.o
                0x0000000008001614                RCC_AHB1PeriphClockLPModeCmd
 .text.RCC_AHB2PeriphClockLPModeCmd
                0x0000000008001650       0x3c build/lib/CORTEX_M4F_STM32F4/Libraries/STM32F4xx_StdPeriph_Driver/src/stm32f4xx_rcc.o
                0x0000000008001650                RCC_AHB2PeriphClockLPModeCmd
 .text.RCC_AHB3PeriphClockLPModeCmd
                0x000000000800168c       0x3c build/lib/CORTEX_M4F_STM32F4/Libraries/STM32F4xx_StdPeriph_Driver/src/stm32f4xx_rcc.o
                0x000000000800168c                RCC_AHB3PeriphClockLPModeCmd
 .text.RCC_APB1PeriphClockLPModeCmd
                0x00000000080016c8       0x3c build/lib/CORTEX_M4F_STM32F4/Libraries/STM32F4xx_StdPeriph_Driver/src/stm32f4xx_rcc.o
                0x00000000080016c8                RCC_APB1PeriphClockLPModeCmd
 .text.RCC_APB2PeriphClockLPModeCmd
                0x0000000008001704       0x3c build/lib/CORTEX_M4F_STM32F4/Libraries/STM32F4xx_StdPeriph_Driver/src/stm32f4xx_rcc.o
                0x0000000008001704                RCC_APB2PeriphClockLPModeCmd
 .text.RCC_ITConfig
                0x0000000008001740       0x48 build/lib/CORTEX_M4F_STM32F4/Libraries/STM32F4xx_StdPeriph_Driver/src/stm32f4xx_rcc.o
                0x0000000008001740                RCC_ITConfig
 .text.RCC_GetFlagStatus
                0x0000000008001788       0x74 build/lib/CORTEX_M4F_STM32F4/Libraries/STM32F4xx_StdPeriph_Driver/src/stm32f4xx_rcc.o
                0x0000000008001788                RCC_GetFlagStatus
 .text.RCC_ClearFlag
                0x00000000080017fc       0x1c build/lib/CORTEX_M4F_STM32F4/Libraries/STM32F4xx_StdPeriph_Driver/src/stm32f4xx_rcc.o
                0x00000000080017fc                RCC_ClearFlag
 .text.RCC_GetITStatus
                0x0000000008001818       0x38 build/lib/CORTEX_M4F_STM32F4/Libraries/STM32F4xx_StdPeriph_Driver/src/stm32f4xx_rcc.o
                0x0000000008001818                RCC_GetITStatus
 .text.RCC_ClearITPendingBit
                0x0000000008001850       0x20 build/lib/CORTEX_M4F_STM32F4/Libraries/STM32F4xx_StdPeriph_Driver/src/stm32f4xx_rcc.o
                0x0000000008001850                RCC_ClearITPendingBit
 .text.USART_DeInit
                0x0000000008001870      0x114 build/lib/CORTEX_M4F_STM32F4/Libraries/STM32F4xx_StdPeriph_Driver/src/stm32f4xx_usart.o
                0x0000000008001870                USART_DeInit
 .text.USART_Init
                0x0000000008001984      0x174 build/lib/CORTEX_M4F_STM32F4/Libraries/STM32F4xx_StdPeriph_Driver/src/stm32f4xx_usart.o
                0x0000000008001984                USART_Init
 .text.USART_StructInit
                0x0000000008001af8       0x38 build/lib/CORTEX_M4F_STM32F4/Libraries/STM32F4xx_StdPeriph_Driver/src/stm32f4xx_usart.o
                0x0000000008001af8                USART_StructInit
 .text.USART_ClockInit
                0x0000000008001b30       0x54 build/lib/CORTEX_M4F_STM32F4/Libraries/STM32F4xx_StdPeriph_Driver/src/stm32f4xx_usart.o
                0x0000000008001b30                USART_ClockInit
 .text.USART_ClockStructInit
                0x0000000008001b84       0x2c build/lib/CORTEX_M4F_STM32F4/Libraries/STM32F4xx_StdPeriph_Driver/src/stm32f4xx_usart.o
                0x0000000008001b84                USART_ClockStructInit
 .text.USART_Cmd
                0x0000000008001bb0       0x40 build/lib/CORTEX_M4F_STM32F4/Libraries/STM32F4xx_StdPeriph_Driver/src/stm32f4xx_usart.o
                0x0000000008001bb0                USART_Cmd
 .text.USART_SetPrescaler
                0x0000000008001bf0       0x38 build/lib/CORTEX_M4F_STM32F4/Libraries/STM32F4xx_StdPeriph_Driver/src/stm32f4xx_usart.o
                0x0000000008001bf0                USART_SetPrescaler
 .text.USART_OverSampling8Cmd
                0x0000000008001c28       0x44 build/lib/CORTEX_M4F_STM32F4/Libraries/STM32F4xx_StdPeriph_Driver/src/stm32f4xx_usart.o
                0x0000000008001c28                USART_OverSampling8Cmd
 .text.USART_OneBitMethodCmd
                0x0000000008001c6c       0x40 build/lib/CORTEX_M4F_STM32F4/Libraries/STM32F4xx_StdPeriph_Driver/src/stm32f4xx_usart.o
                0x0000000008001c6c                USART_OneBitMethodCmd
 .text.USART_SendData
                0x0000000008001cac       0x24 build/lib/CORTEX_M4F_STM32F4/Libraries/STM32F4xx_StdPeriph_Driver/src/stm32f4xx_usart.o
                0x0000000008001cac                USART_SendData
 .text.USART_ReceiveData
                0x0000000008001cd0       0x20 build/lib/CORTEX_M4F_STM32F4/Libraries/STM32F4xx_StdPeriph_Driver/src/stm32f4xx_usart.o
                0x0000000008001cd0                USART_ReceiveData
 .text.USART_SetAddress
                0x0000000008001cf0       0x38 build/lib/CORTEX_M4F_STM32F4/Libraries/STM32F4xx_StdPeriph_Driver/src/stm32f4xx_usart.o
                0x0000000008001cf0                USART_SetAddress
 .text.USART_ReceiverWakeUpCmd
                0x0000000008001d28       0x40 build/lib/CORTEX_M4F_STM32F4/Libraries/STM32F4xx_StdPeriph_Driver/src/stm32f4xx_usart.o
                0x0000000008001d28                USART_ReceiverWakeUpCmd
 .text.USART_WakeUpConfig
                0x0000000008001d68       0x38 build/lib/CORTEX_M4F_STM32F4/Libraries/STM32F4xx_StdPeriph_Driver/src/stm32f4xx_usart.o
                0x0000000008001d68                USART_WakeUpConfig
 .text.USART_LINBreakDetectLengthConfig
                0x0000000008001da0       0x38 build/lib/CORTEX_M4F_STM32F4/Libraries/STM32F4xx_StdPeriph_Driver/src/stm32f4xx_usart.o
                0x0000000008001da0                USART_LINBreakDetectLengthConfig
 .text.USART_LINCmd
                0x0000000008001dd8       0x40 build/lib/CORTEX_M4F_STM32F4/Libraries/STM32F4xx_StdPeriph_Driver/src/stm32f4xx_usart.o
                0x0000000008001dd8                USART_LINCmd
 .text.USART_SendBreak
                0x0000000008001e18       0x24 build/lib/CORTEX_M4F_STM32F4/Libraries/STM32F4xx_StdPeriph_Driver/src/stm32f4xx_usart.o
                0x0000000008001e18                USART_SendBreak
 .text.USART_HalfDuplexCmd
                0x0000000008001e3c       0x40 build/lib/CORTEX_M4F_STM32F4/Libraries/STM32F4xx_StdPeriph_Driver/src/stm32f4xx_usart.o
                0x0000000008001e3c                USART_HalfDuplexCmd
 .text.USART_SetGuardTime
                0x0000000008001e7c       0x3c build/lib/CORTEX_M4F_STM32F4/Libraries/STM32F4xx_StdPeriph_Driver/src/stm32f4xx_usart.o
                0x0000000008001e7c                USART_SetGuardTime
 .text.USART_SmartCardCmd
                0x0000000008001eb8       0x40 build/lib/CORTEX_M4F_STM32F4/Libraries/STM32F4xx_StdPeriph_Driver/src/stm32f4xx_usart.o
                0x0000000008001eb8                USART_SmartCardCmd
 .text.USART_SmartCardNACKCmd
                0x0000000008001ef8       0x40 build/lib/CORTEX_M4F_STM32F4/Libraries/STM32F4xx_StdPeriph_Driver/src/stm32f4xx_usart.o
                0x0000000008001ef8                USART_SmartCardNACKCmd
 .text.USART_IrDAConfig
                0x0000000008001f38       0x38 build/lib/CORTEX_M4F_STM32F4/Libraries/STM32F4xx_StdPeriph_Driver/src/stm32f4xx_usart.o
                0x0000000008001f38                USART_IrDAConfig
 .text.USART_IrDACmd
                0x0000000008001f70       0x40 build/lib/CORTEX_M4F_STM32F4/Libraries/STM32F4xx_StdPeriph_Driver/src/stm32f4xx_usart.o
                0x0000000008001f70                USART_IrDACmd
 .text.USART_DMACmd
                0x0000000008001fb0       0x48 build/lib/CORTEX_M4F_STM32F4/Libraries/STM32F4xx_StdPeriph_Driver/src/stm32f4xx_usart.o
                0x0000000008001fb0                USART_DMACmd
 .text.USART_ITConfig
                0x0000000008001ff8       0x90 build/lib/CORTEX_M4F_STM32F4/Libraries/STM32F4xx_StdPeriph_Driver/src/stm32f4xx_usart.o
                0x0000000008001ff8                USART_ITConfig
 .text.USART_GetFlagStatus
                0x0000000008002088       0x38 build/lib/CORTEX_M4F_STM32F4/Libraries/STM32F4xx_StdPeriph_Driver/src/stm32f4xx_usart.o
                0x0000000008002088                USART_GetFlagStatus
 .text.USART_ClearFlag
                0x00000000080020c0       0x20 build/lib/CORTEX_M4F_STM32F4/Libraries/STM32F4xx_StdPeriph_Driver/src/stm32f4xx_usart.o
                0x00000000080020c0                USART_ClearFlag
 .text.USART_GetITStatus
                0x00000000080020e0       0xb0 build/lib/CORTEX_M4F_STM32F4/Libraries/STM32F4xx_StdPeriph_Driver/src/stm32f4xx_usart.o
                0x00000000080020e0                USART_GetITStatus
 .text.USART_ClearITPendingBit
                0x0000000008002190       0x38 build/lib/CORTEX_M4F_STM32F4/Libraries/STM32F4xx_StdPeriph_Driver/src/stm32f4xx_usart.o
                0x0000000008002190                USART_ClearITPendingBit
 .text.SYSCFG_DeInit
                0x00000000080021c8       0x1c build/lib/CORTEX_M4F_STM32F4/Libraries/STM32F4xx_StdPeriph_Driver/src/stm32f4xx_syscfg.o
                0x00000000080021c8                SYSCFG_DeInit
 .text.SYSCFG_MemoryRemapConfig
                0x00000000080021e4       0x20 build/lib/CORTEX_M4F_STM32F4/Libraries/STM32F4xx_StdPeriph_Driver/src/stm32f4xx_syscfg.o
                0x00000000080021e4                SYSCFG_MemoryRemapConfig
 .text.SYSCFG_MemorySwappingBank
                0x0000000008002204       0x20 build/lib/CORTEX_M4F_STM32F4/Libraries/STM32F4xx_StdPeriph_Driver/src/stm32f4xx_syscfg.o
                0x0000000008002204                SYSCFG_MemorySwappingBank
 .text.SYSCFG_EXTILineConfig
                0x0000000008002224       0x7c build/lib/CORTEX_M4F_STM32F4/Libraries/STM32F4xx_StdPeriph_Driver/src/stm32f4xx_syscfg.o
                0x0000000008002224                SYSCFG_EXTILineConfig
 .text.SYSCFG_ETH_MediaInterfaceConfig
                0x00000000080022a0       0x1c build/lib/CORTEX_M4F_STM32F4/Libraries/STM32F4xx_StdPeriph_Driver/src/stm32f4xx_syscfg.o
                0x00000000080022a0                SYSCFG_ETH_MediaInterfaceConfig
 .text.SYSCFG_CompensationCellCmd
                0x00000000080022bc       0x20 build/lib/CORTEX_M4F_STM32F4/Libraries/STM32F4xx_StdPeriph_Driver/src/stm32f4xx_syscfg.o
                0x00000000080022bc                SYSCFG_CompensationCellCmd
 .text.SYSCFG_GetCompensationCellStatus
                0x00000000080022dc       0x34 build/lib/CORTEX_M4F_STM32F4/Libraries/STM32F4xx_StdPeriph_Driver/src/stm32f4xx_syscfg.o
                0x00000000080022dc                SYSCFG_GetCompensationCellStatus
 .text.I2C_DeInit
                0x0000000008002310       0x74 build/lib/CORTEX_M4F_STM32F4/Libraries/STM32F4xx_StdPeriph_Driver/src/stm32f4xx_i2c.o
                0x0000000008002310                I2C_DeInit
 .text.I2C_Init
                0x0000000008002384      0x184 build/lib/CORTEX_M4F_STM32F4/Libraries/STM32F4xx_StdPeriph_Driver/src/stm32f4xx_i2c.o
                0x0000000008002384                I2C_Init
 .text.I2C_StructInit
                0x0000000008002508       0x3c build/lib/CORTEX_M4F_STM32F4/Libraries/STM32F4xx_StdPeriph_Driver/src/stm32f4xx_i2c.o
                0x0000000008002508                I2C_StructInit
 .text.I2C_Cmd  0x0000000008002544       0x40 build/lib/CORTEX_M4F_STM32F4/Libraries/STM32F4xx_StdPeriph_Driver/src/stm32f4xx_i2c.o
                0x0000000008002544                I2C_Cmd
 .text.I2C_AnalogFilterCmd
                0x0000000008002584       0x40 build/lib/CORTEX_M4F_STM32F4/Libraries/STM32F4xx_StdPeriph_Driver/src/stm32f4xx_i2c.o
                0x0000000008002584                I2C_AnalogFilterCmd
 .text.I2C_DigitalFilterConfig
                0x00000000080025c4       0x40 build/lib/CORTEX_M4F_STM32F4/Libraries/STM32F4xx_StdPeriph_Driver/src/stm32f4xx_i2c.o
                0x00000000080025c4                I2C_DigitalFilterConfig
 .text.I2C_GenerateSTART
                0x0000000008002604       0x40 build/lib/CORTEX_M4F_STM32F4/Libraries/STM32F4xx_StdPeriph_Driver/src/stm32f4xx_i2c.o
                0x0000000008002604                I2C_GenerateSTART
 .text.I2C_GenerateSTOP
                0x0000000008002644       0x40 build/lib/CORTEX_M4F_STM32F4/Libraries/STM32F4xx_StdPeriph_Driver/src/stm32f4xx_i2c.o
                0x0000000008002644                I2C_GenerateSTOP
 .text.I2C_Send7bitAddress
                0x0000000008002684       0x3c build/lib/CORTEX_M4F_STM32F4/Libraries/STM32F4xx_StdPeriph_Driver/src/stm32f4xx_i2c.o
                0x0000000008002684                I2C_Send7bitAddress
 .text.I2C_AcknowledgeConfig
                0x00000000080026c0       0x40 build/lib/CORTEX_M4F_STM32F4/Libraries/STM32F4xx_StdPeriph_Driver/src/stm32f4xx_i2c.o
                0x00000000080026c0                I2C_AcknowledgeConfig
 .text.I2C_OwnAddress2Config
                0x0000000008002700       0x40 build/lib/CORTEX_M4F_STM32F4/Libraries/STM32F4xx_StdPeriph_Driver/src/stm32f4xx_i2c.o
                0x0000000008002700                I2C_OwnAddress2Config
 .text.I2C_DualAddressCmd
                0x0000000008002740       0x40 build/lib/CORTEX_M4F_STM32F4/Libraries/STM32F4xx_StdPeriph_Driver/src/stm32f4xx_i2c.o
                0x0000000008002740                I2C_DualAddressCmd
 .text.I2C_GeneralCallCmd
                0x0000000008002780       0x40 build/lib/CORTEX_M4F_STM32F4/Libraries/STM32F4xx_StdPeriph_Driver/src/stm32f4xx_i2c.o
                0x0000000008002780                I2C_GeneralCallCmd
 .text.I2C_SoftwareResetCmd
                0x00000000080027c0       0x44 build/lib/CORTEX_M4F_STM32F4/Libraries/STM32F4xx_StdPeriph_Driver/src/stm32f4xx_i2c.o
                0x00000000080027c0                I2C_SoftwareResetCmd
 .text.I2C_StretchClockCmd
                0x0000000008002804       0x40 build/lib/CORTEX_M4F_STM32F4/Libraries/STM32F4xx_StdPeriph_Driver/src/stm32f4xx_i2c.o
                0x0000000008002804                I2C_StretchClockCmd
 .text.I2C_FastModeDutyCycleConfig
                0x0000000008002844       0x40 build/lib/CORTEX_M4F_STM32F4/Libraries/STM32F4xx_StdPeriph_Driver/src/stm32f4xx_i2c.o
                0x0000000008002844                I2C_FastModeDutyCycleConfig
 .text.I2C_NACKPositionConfig
                0x0000000008002884       0x40 build/lib/CORTEX_M4F_STM32F4/Libraries/STM32F4xx_StdPeriph_Driver/src/stm32f4xx_i2c.o
                0x0000000008002884                I2C_NACKPositionConfig
 .text.I2C_SMBusAlertConfig
                0x00000000080028c4       0x40 build/lib/CORTEX_M4F_STM32F4/Libraries/STM32F4xx_StdPeriph_Driver/src/stm32f4xx_i2c.o
                0x00000000080028c4                I2C_SMBusAlertConfig
 .text.I2C_ARPCmd
                0x0000000008002904       0x40 build/lib/CORTEX_M4F_STM32F4/Libraries/STM32F4xx_StdPeriph_Driver/src/stm32f4xx_i2c.o
                0x0000000008002904                I2C_ARPCmd
 .text.I2C_SendData
                0x0000000008002944       0x20 build/lib/CORTEX_M4F_STM32F4/Libraries/STM32F4xx_StdPeriph_Driver/src/stm32f4xx_i2c.o
                0x0000000008002944                I2C_SendData
 .text.I2C_ReceiveData
                0x0000000008002964       0x1c build/lib/CORTEX_M4F_STM32F4/Libraries/STM32F4xx_StdPeriph_Driver/src/stm32f4xx_i2c.o
                0x0000000008002964                I2C_ReceiveData
 .text.I2C_TransmitPEC
                0x0000000008002980       0x40 build/lib/CORTEX_M4F_STM32F4/Libraries/STM32F4xx_StdPeriph_Driver/src/stm32f4xx_i2c.o
                0x0000000008002980                I2C_TransmitPEC
 .text.I2C_PECPositionConfig
                0x00000000080029c0       0x40 build/lib/CORTEX_M4F_STM32F4/Libraries/STM32F4xx_StdPeriph_Driver/src/stm32f4xx_i2c.o
                0x00000000080029c0                I2C_PECPositionConfig
 .text.I2C_CalculatePEC
                0x0000000008002a00       0x40 build/lib/CORTEX_M4F_STM32F4/Libraries/STM32F4xx_StdPeriph_Driver/src/stm32f4xx_i2c.o
                0x0000000008002a00                I2C_CalculatePEC
 .text.I2C_GetPEC
                0x0000000008002a40       0x20 build/lib/CORTEX_M4F_STM32F4/Libraries/STM32F4xx_StdPeriph_Driver/src/stm32f4xx_i2c.o
                0x0000000008002a40                I2C_GetPEC
 .text.I2C_DMACmd
                0x0000000008002a60       0x40 build/lib/CORTEX_M4F_STM32F4/Libraries/STM32F4xx_StdPeriph_Driver/src/stm32f4xx_i2c.o
                0x0000000008002a60                I2C_DMACmd
 .text.I2C_DMALastTransferCmd
                0x0000000008002aa0       0x40 build/lib/CORTEX_M4F_STM32F4/Libraries/STM32F4xx_StdPeriph_Driver/src/stm32f4xx_i2c.o
                0x0000000008002aa0                I2C_DMALastTransferCmd
 .text.I2C_ReadRegister
                0x0000000008002ae0       0x30 build/lib/CORTEX_M4F_STM32F4/Libraries/STM32F4xx_StdPeriph_Driver/src/stm32f4xx_i2c.o
                0x0000000008002ae0                I2C_ReadRegister
 .text.I2C_ITConfig
                0x0000000008002b10       0x48 build/lib/CORTEX_M4F_STM32F4/Libraries/STM32F4xx_StdPeriph_Driver/src/stm32f4xx_i2c.o
                0x0000000008002b10                I2C_ITConfig
 .text.I2C_CheckEvent
                0x0000000008002b58       0x60 build/lib/CORTEX_M4F_STM32F4/Libraries/STM32F4xx_StdPeriph_Driver/src/stm32f4xx_i2c.o
                0x0000000008002b58                I2C_CheckEvent
 .text.I2C_GetLastEvent
                0x0000000008002bb8       0x44 build/lib/CORTEX_M4F_STM32F4/Libraries/STM32F4xx_StdPeriph_Driver/src/stm32f4xx_i2c.o
                0x0000000008002bb8                I2C_GetLastEvent
 .text.I2C_GetFlagStatus
                0x0000000008002bfc       0x68 build/lib/CORTEX_M4F_STM32F4/Libraries/STM32F4xx_StdPeriph_Driver/src/stm32f4xx_i2c.o
                0x0000000008002bfc                I2C_GetFlagStatus
 .text.I2C_ClearFlag
                0x0000000008002c64       0x2c build/lib/CORTEX_M4F_STM32F4/Libraries/STM32F4xx_StdPeriph_Driver/src/stm32f4xx_i2c.o
                0x0000000008002c64                I2C_ClearFlag
 .text.I2C_GetITStatus
                0x0000000008002c90       0x5c build/lib/CORTEX_M4F_STM32F4/Libraries/STM32F4xx_StdPeriph_Driver/src/stm32f4xx_i2c.o
                0x0000000008002c90                I2C_GetITStatus
 .text.I2C_ClearITPendingBit
                0x0000000008002cec       0x2c build/lib/CORTEX_M4F_STM32F4/Libraries/STM32F4xx_StdPeriph_Driver/src/stm32f4xx_i2c.o
                0x0000000008002cec                I2C_ClearITPendingBit
 .text.DMA_DeInit
                0x0000000008002d18      0x1a4 build/lib/CORTEX_M4F_STM32F4/Libraries/STM32F4xx_StdPeriph_Driver/src/stm32f4xx_dma.o
                0x0000000008002d18                DMA_DeInit
 .text.DMA_Init
                0x0000000008002ebc       0xac build/lib/CORTEX_M4F_STM32F4/Libraries/STM32F4xx_StdPeriph_Driver/src/stm32f4xx_dma.o
                0x0000000008002ebc                DMA_Init
 .text.DMA_StructInit
                0x0000000008002f68       0x6c build/lib/CORTEX_M4F_STM32F4/Libraries/STM32F4xx_StdPeriph_Driver/src/stm32f4xx_dma.o
                0x0000000008002f68                DMA_StructInit
 .text.DMA_Cmd  0x0000000008002fd4       0x38 build/lib/CORTEX_M4F_STM32F4/Libraries/STM32F4xx_StdPeriph_Driver/src/stm32f4xx_dma.o
                0x0000000008002fd4                DMA_Cmd
 .text.DMA_PeriphIncOffsetSizeConfig
                0x000000000800300c       0x34 build/lib/CORTEX_M4F_STM32F4/Libraries/STM32F4xx_StdPeriph_Driver/src/stm32f4xx_dma.o
                0x000000000800300c                DMA_PeriphIncOffsetSizeConfig
 .text.DMA_FlowControllerConfig
                0x0000000008003040       0x34 build/lib/CORTEX_M4F_STM32F4/Libraries/STM32F4xx_StdPeriph_Driver/src/stm32f4xx_dma.o
                0x0000000008003040                DMA_FlowControllerConfig
 .text.DMA_SetCurrDataCounter
                0x0000000008003074       0x1c build/lib/CORTEX_M4F_STM32F4/Libraries/STM32F4xx_StdPeriph_Driver/src/stm32f4xx_dma.o
                0x0000000008003074                DMA_SetCurrDataCounter
 .text.DMA_GetCurrDataCounter
                0x0000000008003090       0x1c build/lib/CORTEX_M4F_STM32F4/Libraries/STM32F4xx_StdPeriph_Driver/src/stm32f4xx_dma.o
                0x0000000008003090                DMA_GetCurrDataCounter
 .text.DMA_DoubleBufferModeConfig
                0x00000000080030ac       0x3c build/lib/CORTEX_M4F_STM32F4/Libraries/STM32F4xx_StdPeriph_Driver/src/stm32f4xx_dma.o
                0x00000000080030ac                DMA_DoubleBufferModeConfig
 .text.DMA_DoubleBufferModeCmd
                0x00000000080030e8       0x38 build/lib/CORTEX_M4F_STM32F4/Libraries/STM32F4xx_StdPeriph_Driver/src/stm32f4xx_dma.o
                0x00000000080030e8                DMA_DoubleBufferModeCmd
 .text.DMA_MemoryTargetConfig
                0x0000000008003120       0x2c build/lib/CORTEX_M4F_STM32F4/Libraries/STM32F4xx_StdPeriph_Driver/src/stm32f4xx_dma.o
                0x0000000008003120                DMA_MemoryTargetConfig
 .text.DMA_GetCurrentMemoryTarget
                0x000000000800314c       0x30 build/lib/CORTEX_M4F_STM32F4/Libraries/STM32F4xx_StdPeriph_Driver/src/stm32f4xx_dma.o
                0x000000000800314c                DMA_GetCurrentMemoryTarget
 .text.DMA_GetCmdStatus
                0x000000000800317c       0x30 build/lib/CORTEX_M4F_STM32F4/Libraries/STM32F4xx_StdPeriph_Driver/src/stm32f4xx_dma.o
                0x000000000800317c                DMA_GetCmdStatus
 .text.DMA_GetFIFOStatus
                0x00000000080031ac       0x24 build/lib/CORTEX_M4F_STM32F4/Libraries/STM32F4xx_StdPeriph_Driver/src/stm32f4xx_dma.o
                0x00000000080031ac                DMA_GetFIFOStatus
 .text.DMA_GetFlagStatus
                0x00000000080031d0       0x78 build/lib/CORTEX_M4F_STM32F4/Libraries/STM32F4xx_StdPeriph_Driver/src/stm32f4xx_dma.o
                0x00000000080031d0                DMA_GetFlagStatus
 .text.DMA_ClearFlag
                0x0000000008003248       0x5c build/lib/CORTEX_M4F_STM32F4/Libraries/STM32F4xx_StdPeriph_Driver/src/stm32f4xx_dma.o
                0x0000000008003248                DMA_ClearFlag
 .text.DMA_ITConfig
                0x00000000080032a4       0x74 build/lib/CORTEX_M4F_STM32F4/Libraries/STM32F4xx_StdPeriph_Driver/src/stm32f4xx_dma.o
                0x00000000080032a4                DMA_ITConfig
 .text.DMA_GetITStatus
                0x0000000008003318       0xb0 build/lib/CORTEX_M4F_STM32F4/Libraries/STM32F4xx_StdPeriph_Driver/src/stm32f4xx_dma.o
                0x0000000008003318                DMA_GetITStatus
 .text.DMA_ClearITPendingBit
                0x00000000080033c8       0x5c build/lib/CORTEX_M4F_STM32F4/Libraries/STM32F4xx_StdPeriph_Driver/src/stm32f4xx_dma.o
                0x00000000080033c8                DMA_ClearITPendingBit
 .text.SPI_I2S_DeInit
                0x0000000008003424       0xd8 build/lib/CORTEX_M4F_STM32F4/Libraries/STM32F4xx_StdPeriph_Driver/src/stm32f4xx_spi.o
                0x0000000008003424                SPI_I2S_DeInit
 .text.SPI_Init
                0x00000000080034fc       0x88 build/lib/CORTEX_M4F_STM32F4/Libraries/STM32F4xx_StdPeriph_Driver/src/stm32f4xx_spi.o
                0x00000000080034fc                SPI_Init
 .text.I2S_Init
                0x0000000008003584      0x1b0 build/lib/CORTEX_M4F_STM32F4/Libraries/STM32F4xx_StdPeriph_Driver/src/stm32f4xx_spi.o
                0x0000000008003584                I2S_Init
 .text.SPI_StructInit
                0x0000000008003734       0x48 build/lib/CORTEX_M4F_STM32F4/Libraries/STM32F4xx_StdPeriph_Driver/src/stm32f4xx_spi.o
                0x0000000008003734                SPI_StructInit
 .text.I2S_StructInit
                0x000000000800377c       0x38 build/lib/CORTEX_M4F_STM32F4/Libraries/STM32F4xx_StdPeriph_Driver/src/stm32f4xx_spi.o
                0x000000000800377c                I2S_StructInit
 .text.SPI_Cmd  0x00000000080037b4       0x40 build/lib/CORTEX_M4F_STM32F4/Libraries/STM32F4xx_StdPeriph_Driver/src/stm32f4xx_spi.o
                0x00000000080037b4                SPI_Cmd
 .text.I2S_Cmd  0x00000000080037f4       0x40 build/lib/CORTEX_M4F_STM32F4/Libraries/STM32F4xx_StdPeriph_Driver/src/stm32f4xx_spi.o
                0x00000000080037f4                I2S_Cmd
 .text.SPI_DataSizeConfig
                0x0000000008003834       0x38 build/lib/CORTEX_M4F_STM32F4/Libraries/STM32F4xx_StdPeriph_Driver/src/stm32f4xx_spi.o
                0x0000000008003834                SPI_DataSizeConfig
 .text.SPI_BiDirectionalLineConfig
                0x000000000800386c       0x40 build/lib/CORTEX_M4F_STM32F4/Libraries/STM32F4xx_StdPeriph_Driver/src/stm32f4xx_spi.o
                0x000000000800386c                SPI_BiDirectionalLineConfig
 .text.SPI_NSSInternalSoftwareConfig
                0x00000000080038ac       0x44 build/lib/CORTEX_M4F_STM32F4/Libraries/STM32F4xx_StdPeriph_Driver/src/stm32f4xx_spi.o
                0x00000000080038ac                SPI_NSSInternalSoftwareConfig
 .text.SPI_SSOutputCmd
                0x00000000080038f0       0x40 build/lib/CORTEX_M4F_STM32F4/Libraries/STM32F4xx_StdPeriph_Driver/src/stm32f4xx_spi.o
                0x00000000080038f0                SPI_SSOutputCmd
 .text.SPI_TIModeCmd
                0x0000000008003930       0x40 build/lib/CORTEX_M4F_STM32F4/Libraries/STM32F4xx_StdPeriph_Driver/src/stm32f4xx_spi.o
                0x0000000008003930                SPI_TIModeCmd
 .text.I2S_FullDuplexConfig
                0x0000000008003970       0x9c build/lib/CORTEX_M4F_STM32F4/Libraries/STM32F4xx_StdPeriph_Driver/src/stm32f4xx_spi.o
                0x0000000008003970                I2S_FullDuplexConfig
 .text.SPI_I2S_ReceiveData
                0x0000000008003a0c       0x1c build/lib/CORTEX_M4F_STM32F4/Libraries/STM32F4xx_StdPeriph_Driver/src/stm32f4xx_spi.o
                0x0000000008003a0c                SPI_I2S_ReceiveData
 .text.SPI_I2S_SendData
                0x0000000008003a28       0x1c build/lib/CORTEX_M4F_STM32F4/Libraries/STM32F4xx_StdPeriph_Driver/src/stm32f4xx_spi.o
                0x0000000008003a28                SPI_I2S_SendData
 .text.SPI_CalculateCRC
                0x0000000008003a44       0x40 build/lib/CORTEX_M4F_STM32F4/Libraries/STM32F4xx_StdPeriph_Driver/src/stm32f4xx_spi.o
                0x0000000008003a44                SPI_CalculateCRC
 .text.SPI_TransmitCRC
                0x0000000008003a84       0x24 build/lib/CORTEX_M4F_STM32F4/Libraries/STM32F4xx_StdPeriph_Driver/src/stm32f4xx_spi.o
                0x0000000008003a84                SPI_TransmitCRC
 .text.SPI_GetCRC
                0x0000000008003aa8       0x34 build/lib/CORTEX_M4F_STM32F4/Libraries/STM32F4xx_StdPeriph_Driver/src/stm32f4xx_spi.o
                0x0000000008003aa8                SPI_GetCRC
 .text.SPI_GetCRCPolynomial
                0x0000000008003adc       0x1c build/lib/CORTEX_M4F_STM32F4/Libraries/STM32F4xx_StdPeriph_Driver/src/stm32f4xx_spi.o
                0x0000000008003adc                SPI_GetCRCPolynomial
 .text.SPI_I2S_DMACmd
                0x0000000008003af8       0x48 build/lib/CORTEX_M4F_STM32F4/Libraries/STM32F4xx_StdPeriph_Driver/src/stm32f4xx_spi.o
                0x0000000008003af8                SPI_I2S_DMACmd
 .text.SPI_I2S_ITConfig
                0x0000000008003b40       0x60 build/lib/CORTEX_M4F_STM32F4/Libraries/STM32F4xx_StdPeriph_Driver/src/stm32f4xx_spi.o
                0x0000000008003b40                SPI_I2S_ITConfig
 .text.SPI_I2S_GetFlagStatus
                0x0000000008003ba0       0x38 build/lib/CORTEX_M4F_STM32F4/Libraries/STM32F4xx_StdPeriph_Driver/src/stm32f4xx_spi.o
                0x0000000008003ba0                SPI_I2S_GetFlagStatus
 .text.SPI_I2S_ClearFlag
                0x0000000008003bd8       0x20 build/lib/CORTEX_M4F_STM32F4/Libraries/STM32F4xx_StdPeriph_Driver/src/stm32f4xx_spi.o
                0x0000000008003bd8                SPI_I2S_ClearFlag
 .text.SPI_I2S_GetITStatus
                0x0000000008003bf8       0x78 build/lib/CORTEX_M4F_STM32F4/Libraries/STM32F4xx_StdPeriph_Driver/src/stm32f4xx_spi.o
                0x0000000008003bf8                SPI_I2S_GetITStatus
 .text.SPI_I2S_ClearITPendingBit
                0x0000000008003c70       0x34 build/lib/CORTEX_M4F_STM32F4/Libraries/STM32F4xx_StdPeriph_Driver/src/stm32f4xx_spi.o
                0x0000000008003c70                SPI_I2S_ClearITPendingBit
 .text.EXTI_DeInit
                0x0000000008003ca4       0x34 build/lib/CORTEX_M4F_STM32F4/Libraries/STM32F4xx_StdPeriph_Driver/src/stm32f4xx_exti.o
                0x0000000008003ca4                EXTI_DeInit
 .text.EXTI_Init
                0x0000000008003cd8       0xdc build/lib/CORTEX_M4F_STM32F4/Libraries/STM32F4xx_StdPeriph_Driver/src/stm32f4xx_exti.o
                0x0000000008003cd8                EXTI_Init
 .text.EXTI_StructInit
                0x0000000008003db4       0x2c build/lib/CORTEX_M4F_STM32F4/Libraries/STM32F4xx_StdPeriph_Driver/src/stm32f4xx_exti.o
                0x0000000008003db4                EXTI_StructInit
 .text.EXTI_GenerateSWInterrupt
                0x0000000008003de0       0x24 build/lib/CORTEX_M4F_STM32F4/Libraries/STM32F4xx_StdPeriph_Driver/src/stm32f4xx_exti.o
                0x0000000008003de0                EXTI_GenerateSWInterrupt
 .text.EXTI_GetFlagStatus
                0x0000000008003e04       0x34 build/lib/CORTEX_M4F_STM32F4/Libraries/STM32F4xx_StdPeriph_Driver/src/stm32f4xx_exti.o
                0x0000000008003e04                EXTI_GetFlagStatus
 .text.EXTI_ClearFlag
                0x0000000008003e38       0x1c build/lib/CORTEX_M4F_STM32F4/Libraries/STM32F4xx_StdPeriph_Driver/src/stm32f4xx_exti.o
                0x0000000008003e38                EXTI_ClearFlag
 .text.EXTI_GetITStatus
                0x0000000008003e54       0x34 build/lib/CORTEX_M4F_STM32F4/Libraries/STM32F4xx_StdPeriph_Driver/src/stm32f4xx_exti.o
                0x0000000008003e54                EXTI_GetITStatus
 .text.EXTI_ClearITPendingBit
                0x0000000008003e88       0x1c build/lib/CORTEX_M4F_STM32F4/Libraries/STM32F4xx_StdPeriph_Driver/src/stm32f4xx_exti.o
                0x0000000008003e88                EXTI_ClearITPendingBit
 .text.DMA2D_DeInit
                0x0000000008003ea4       0x1c build/lib/CORTEX_M4F_STM32F4/Libraries/STM32F4xx_StdPeriph_Driver/src/stm32f4xx_dma2d.o
                0x0000000008003ea4                DMA2D_DeInit
 .text.DMA2D_Init
                0x0000000008003ec0      0x15c build/lib/CORTEX_M4F_STM32F4/Libraries/STM32F4xx_StdPeriph_Driver/src/stm32f4xx_dma2d.o
                0x0000000008003ec0                DMA2D_Init
 .text.DMA2D_StructInit
                0x000000000800401c       0x50 build/lib/CORTEX_M4F_STM32F4/Libraries/STM32F4xx_StdPeriph_Driver/src/stm32f4xx_dma2d.o
                0x000000000800401c                DMA2D_StructInit
 .text.DMA2D_StartTransfer
                0x000000000800406c       0x1c build/lib/CORTEX_M4F_STM32F4/Libraries/STM32F4xx_StdPeriph_Driver/src/stm32f4xx_dma2d.o
                0x000000000800406c                DMA2D_StartTransfer
 .text.DMA2D_AbortTransfer
                0x0000000008004088       0x1c build/lib/CORTEX_M4F_STM32F4/Libraries/STM32F4xx_StdPeriph_Driver/src/stm32f4xx_dma2d.o
                0x0000000008004088                DMA2D_AbortTransfer
 .text.DMA2D_Suspend
                0x00000000080040a4       0x38 build/lib/CORTEX_M4F_STM32F4/Libraries/STM32F4xx_StdPeriph_Driver/src/stm32f4xx_dma2d.o
                0x00000000080040a4                DMA2D_Suspend
 .text.DMA2D_FGConfig
                0x00000000080040dc       0xdc build/lib/CORTEX_M4F_STM32F4/Libraries/STM32F4xx_StdPeriph_Driver/src/stm32f4xx_dma2d.o
                0x00000000080040dc                DMA2D_FGConfig
 .text.DMA2D_FG_StructInit
                0x00000000080041b8       0x54 build/lib/CORTEX_M4F_STM32F4/Libraries/STM32F4xx_StdPeriph_Driver/src/stm32f4xx_dma2d.o
                0x00000000080041b8                DMA2D_FG_StructInit
 .text.DMA2D_BGConfig
                0x000000000800420c       0xdc build/lib/CORTEX_M4F_STM32F4/Libraries/STM32F4xx_StdPeriph_Driver/src/stm32f4xx_dma2d.o
                0x000000000800420c                DMA2D_BGConfig
 .text.DMA2D_BG_StructInit
                0x00000000080042e8       0x54 build/lib/CORTEX_M4F_STM32F4/Libraries/STM32F4xx_StdPeriph_Driver/src/stm32f4xx_dma2d.o
                0x00000000080042e8                DMA2D_BG_StructInit
 .text.DMA2D_FGStart
                0x000000000800433c       0x38 build/lib/CORTEX_M4F_STM32F4/Libraries/STM32F4xx_StdPeriph_Driver/src/stm32f4xx_dma2d.o
                0x000000000800433c                DMA2D_FGStart
 .text.DMA2D_BGStart
                0x0000000008004374       0x38 build/lib/CORTEX_M4F_STM32F4/Libraries/STM32F4xx_StdPeriph_Driver/src/stm32f4xx_dma2d.o
                0x0000000008004374                DMA2D_BGStart
 .text.DMA2D_DeadTimeConfig
                0x00000000080043ac       0x54 build/lib/CORTEX_M4F_STM32F4/Libraries/STM32F4xx_StdPeriph_Driver/src/stm32f4xx_dma2d.o
                0x00000000080043ac                DMA2D_DeadTimeConfig
 .text.DMA2D_LineWatermarkConfig
                0x0000000008004400       0x1c build/lib/CORTEX_M4F_STM32F4/Libraries/STM32F4xx_StdPeriph_Driver/src/stm32f4xx_dma2d.o
                0x0000000008004400                DMA2D_LineWatermarkConfig
 .text.DMA2D_ITConfig
                0x000000000800441c       0x3c build/lib/CORTEX_M4F_STM32F4/Libraries/STM32F4xx_StdPeriph_Driver/src/stm32f4xx_dma2d.o
                0x000000000800441c                DMA2D_ITConfig
 .text.DMA2D_GetFlagStatus
                0x0000000008004458       0x34 build/lib/CORTEX_M4F_STM32F4/Libraries/STM32F4xx_StdPeriph_Driver/src/stm32f4xx_dma2d.o
                0x0000000008004458                DMA2D_GetFlagStatus
 .text.DMA2D_ClearFlag
                0x000000000800448c       0x1c build/lib/CORTEX_M4F_STM32F4/Libraries/STM32F4xx_StdPeriph_Driver/src/stm32f4xx_dma2d.o
                0x000000000800448c                DMA2D_ClearFlag
 .text.DMA2D_GetITStatus
                0x00000000080044a8       0x58 build/lib/CORTEX_M4F_STM32F4/Libraries/STM32F4xx_StdPeriph_Driver/src/stm32f4xx_dma2d.o
                0x00000000080044a8                DMA2D_GetITStatus
 .text.DMA2D_ClearITPendingBit
                0x0000000008004500       0x24 build/lib/CORTEX_M4F_STM32F4/Libraries/STM32F4xx_StdPeriph_Driver/src/stm32f4xx_dma2d.o
                0x0000000008004500                DMA2D_ClearITPendingBit
 .text.LTDC_DeInit
                0x0000000008004524       0x1c build/lib/CORTEX_M4F_STM32F4/Libraries/STM32F4xx_StdPeriph_Driver/src/stm32f4xx_ltdc.o
                0x0000000008004524                LTDC_DeInit
 .text.LTDC_Init
                0x0000000008004540      0x12c build/lib/CORTEX_M4F_STM32F4/Libraries/STM32F4xx_StdPeriph_Driver/src/stm32f4xx_ltdc.o
                0x0000000008004540                LTDC_Init
 .text.LTDC_StructInit
                0x000000000800466c       0x6c build/lib/CORTEX_M4F_STM32F4/Libraries/STM32F4xx_StdPeriph_Driver/src/stm32f4xx_ltdc.o
                0x000000000800466c                LTDC_StructInit
 .text.LTDC_Cmd
                0x00000000080046d8       0x38 build/lib/CORTEX_M4F_STM32F4/Libraries/STM32F4xx_StdPeriph_Driver/src/stm32f4xx_ltdc.o
                0x00000000080046d8                LTDC_Cmd
 .text.LTDC_DitherCmd
                0x0000000008004710       0x38 build/lib/CORTEX_M4F_STM32F4/Libraries/STM32F4xx_StdPeriph_Driver/src/stm32f4xx_ltdc.o
                0x0000000008004710                LTDC_DitherCmd
 .text.LTDC_GetRGBWidth
                0x0000000008004748       0x58 build/lib/CORTEX_M4F_STM32F4/Libraries/STM32F4xx_StdPeriph_Driver/src/stm32f4xx_ltdc.o
                0x0000000008004748                LTDC_GetRGBWidth
 .text.LTDC_RGBStructInit
                0x00000000080047a0       0x24 build/lib/CORTEX_M4F_STM32F4/Libraries/STM32F4xx_StdPeriph_Driver/src/stm32f4xx_ltdc.o
                0x00000000080047a0                LTDC_RGBStructInit
 .text.LTDC_LIPConfig
                0x00000000080047c4       0x1c build/lib/CORTEX_M4F_STM32F4/Libraries/STM32F4xx_StdPeriph_Driver/src/stm32f4xx_ltdc.o
                0x00000000080047c4                LTDC_LIPConfig
 .text.LTDC_ReloadConfig
                0x00000000080047e0       0x1c build/lib/CORTEX_M4F_STM32F4/Libraries/STM32F4xx_StdPeriph_Driver/src/stm32f4xx_ltdc.o
                0x00000000080047e0                LTDC_ReloadConfig
 .text.LTDC_LayerInit
                0x00000000080047fc      0x134 build/lib/CORTEX_M4F_STM32F4/Libraries/STM32F4xx_StdPeriph_Driver/src/stm32f4xx_ltdc.o
                0x00000000080047fc                LTDC_LayerInit
 .text.LTDC_LayerStructInit
                0x0000000008004930       0x74 build/lib/CORTEX_M4F_STM32F4/Libraries/STM32F4xx_StdPeriph_Driver/src/stm32f4xx_ltdc.o
                0x0000000008004930                LTDC_LayerStructInit
 .text.LTDC_LayerCmd
                0x00000000080049a4       0x38 build/lib/CORTEX_M4F_STM32F4/Libraries/STM32F4xx_StdPeriph_Driver/src/stm32f4xx_ltdc.o
                0x00000000080049a4                LTDC_LayerCmd
 .text.LTDC_GetPosStatus
                0x00000000080049dc       0x40 build/lib/CORTEX_M4F_STM32F4/Libraries/STM32F4xx_StdPeriph_Driver/src/stm32f4xx_ltdc.o
                0x00000000080049dc                LTDC_GetPosStatus
 .text.LTDC_PosStructInit
                0x0000000008004a1c       0x20 build/lib/CORTEX_M4F_STM32F4/Libraries/STM32F4xx_StdPeriph_Driver/src/stm32f4xx_ltdc.o
                0x0000000008004a1c                LTDC_PosStructInit
 .text.LTDC_GetCDStatus
                0x0000000008004a3c       0x30 build/lib/CORTEX_M4F_STM32F4/Libraries/STM32F4xx_StdPeriph_Driver/src/stm32f4xx_ltdc.o
                0x0000000008004a3c                LTDC_GetCDStatus
 .text.LTDC_ColorKeyingConfig
                0x0000000008004a6c       0x7c build/lib/CORTEX_M4F_STM32F4/Libraries/STM32F4xx_StdPeriph_Driver/src/stm32f4xx_ltdc.o
                0x0000000008004a6c                LTDC_ColorKeyingConfig
 .text.LTDC_ColorKeyingStructInit
                0x0000000008004ae8       0x24 build/lib/CORTEX_M4F_STM32F4/Libraries/STM32F4xx_StdPeriph_Driver/src/stm32f4xx_ltdc.o
                0x0000000008004ae8                LTDC_ColorKeyingStructInit
 .text.LTDC_CLUTCmd
                0x0000000008004b0c       0x40 build/lib/CORTEX_M4F_STM32F4/Libraries/STM32F4xx_StdPeriph_Driver/src/stm32f4xx_ltdc.o
                0x0000000008004b0c                LTDC_CLUTCmd
 .text.LTDC_CLUTInit
                0x0000000008004b4c       0x4c build/lib/CORTEX_M4F_STM32F4/Libraries/STM32F4xx_StdPeriph_Driver/src/stm32f4xx_ltdc.o
                0x0000000008004b4c                LTDC_CLUTInit
 .text.LTDC_CLUTStructInit
                0x0000000008004b98       0x2c build/lib/CORTEX_M4F_STM32F4/Libraries/STM32F4xx_StdPeriph_Driver/src/stm32f4xx_ltdc.o
                0x0000000008004b98                LTDC_CLUTStructInit
 .text.LTDC_LayerPosition
                0x0000000008004bc4       0xdc build/lib/CORTEX_M4F_STM32F4/Libraries/STM32F4xx_StdPeriph_Driver/src/stm32f4xx_ltdc.o
                0x0000000008004bc4                LTDC_LayerPosition
 .text.LTDC_LayerAlpha
                0x0000000008004ca0       0x1c build/lib/CORTEX_M4F_STM32F4/Libraries/STM32F4xx_StdPeriph_Driver/src/stm32f4xx_ltdc.o
                0x0000000008004ca0                LTDC_LayerAlpha
 .text.LTDC_LayerAddress
                0x0000000008004cbc       0x1c build/lib/CORTEX_M4F_STM32F4/Libraries/STM32F4xx_StdPeriph_Driver/src/stm32f4xx_ltdc.o
                0x0000000008004cbc                LTDC_LayerAddress
 .text.LTDC_LayerSize
                0x0000000008004cd8       0xcc build/lib/CORTEX_M4F_STM32F4/Libraries/STM32F4xx_StdPeriph_Driver/src/stm32f4xx_ltdc.o
                0x0000000008004cd8                LTDC_LayerSize
 .text.LTDC_LayerPixelFormat
                0x0000000008004da4       0xc0 build/lib/CORTEX_M4F_STM32F4/Libraries/STM32F4xx_StdPeriph_Driver/src/stm32f4xx_ltdc.o
                0x0000000008004da4                LTDC_LayerPixelFormat
 .text.LTDC_ITConfig
                0x0000000008004e64       0x3c build/lib/CORTEX_M4F_STM32F4/Libraries/STM32F4xx_StdPeriph_Driver/src/stm32f4xx_ltdc.o
                0x0000000008004e64                LTDC_ITConfig
 .text.LTDC_GetFlagStatus
                0x0000000008004ea0       0x34 build/lib/CORTEX_M4F_STM32F4/Libraries/STM32F4xx_StdPeriph_Driver/src/stm32f4xx_ltdc.o
                0x0000000008004ea0                LTDC_GetFlagStatus
 .text.LTDC_ClearFlag
                0x0000000008004ed4       0x1c build/lib/CORTEX_M4F_STM32F4/Libraries/STM32F4xx_StdPeriph_Driver/src/stm32f4xx_ltdc.o
                0x0000000008004ed4                LTDC_ClearFlag
 .text.LTDC_GetITStatus
                0x0000000008004ef0       0x50 build/lib/CORTEX_M4F_STM32F4/Libraries/STM32F4xx_StdPeriph_Driver/src/stm32f4xx_ltdc.o
                0x0000000008004ef0                LTDC_GetITStatus
 .text.LTDC_ClearITPendingBit
                0x0000000008004f40       0x1c build/lib/CORTEX_M4F_STM32F4/Libraries/STM32F4xx_StdPeriph_Driver/src/stm32f4xx_ltdc.o
                0x0000000008004f40                LTDC_ClearITPendingBit
 .text.FMC_NORSRAMDeInit
                0x0000000008004f5c       0x58 build/lib/CORTEX_M4F_STM32F4/Libraries/STM32F4xx_StdPeriph_Driver/src/stm32f4xx_fmc.o
                0x0000000008004f5c                FMC_NORSRAMDeInit
 .text.FMC_NORSRAMInit
                0x0000000008004fb4      0x194 build/lib/CORTEX_M4F_STM32F4/Libraries/STM32F4xx_StdPeriph_Driver/src/stm32f4xx_fmc.o
                0x0000000008004fb4                FMC_NORSRAMInit
 .text.FMC_NORSRAMStructInit
                0x0000000008005148       0xdc build/lib/CORTEX_M4F_STM32F4/Libraries/STM32F4xx_StdPeriph_Driver/src/stm32f4xx_fmc.o
                0x0000000008005148                FMC_NORSRAMStructInit
 .text.FMC_NORSRAMCmd
                0x0000000008005224       0x54 build/lib/CORTEX_M4F_STM32F4/Libraries/STM32F4xx_StdPeriph_Driver/src/stm32f4xx_fmc.o
                0x0000000008005224                FMC_NORSRAMCmd
 .text.FMC_NANDDeInit
                0x0000000008005278       0x5c build/lib/CORTEX_M4F_STM32F4/Libraries/STM32F4xx_StdPeriph_Driver/src/stm32f4xx_fmc.o
                0x0000000008005278                FMC_NANDDeInit
 .text.FMC_NANDInit
                0x00000000080052d4       0xcc build/lib/CORTEX_M4F_STM32F4/Libraries/STM32F4xx_StdPeriph_Driver/src/stm32f4xx_fmc.o
                0x00000000080052d4                FMC_NANDInit
 .text.FMC_NANDStructInit
                0x00000000080053a0       0x7c build/lib/CORTEX_M4F_STM32F4/Libraries/STM32F4xx_StdPeriph_Driver/src/stm32f4xx_fmc.o
                0x00000000080053a0                FMC_NANDStructInit
 .text.FMC_NANDCmd
                0x000000000800541c       0x6c build/lib/CORTEX_M4F_STM32F4/Libraries/STM32F4xx_StdPeriph_Driver/src/stm32f4xx_fmc.o
                0x000000000800541c                FMC_NANDCmd
 .text.FMC_NANDECCCmd
                0x0000000008005488       0x6c build/lib/CORTEX_M4F_STM32F4/Libraries/STM32F4xx_StdPeriph_Driver/src/stm32f4xx_fmc.o
                0x0000000008005488                FMC_NANDECCCmd
 .text.FMC_GetECC
                0x00000000080054f4       0x38 build/lib/CORTEX_M4F_STM32F4/Libraries/STM32F4xx_StdPeriph_Driver/src/stm32f4xx_fmc.o
                0x00000000080054f4                FMC_GetECC
 .text.FMC_PCCARDDeInit
                0x000000000800552c       0x34 build/lib/CORTEX_M4F_STM32F4/Libraries/STM32F4xx_StdPeriph_Driver/src/stm32f4xx_fmc.o
                0x000000000800552c                FMC_PCCARDDeInit
 .text.FMC_PCCARDInit
                0x0000000008005560       0xac build/lib/CORTEX_M4F_STM32F4/Libraries/STM32F4xx_StdPeriph_Driver/src/stm32f4xx_fmc.o
                0x0000000008005560                FMC_PCCARDInit
 .text.FMC_PCCARDStructInit
                0x000000000800560c       0x84 build/lib/CORTEX_M4F_STM32F4/Libraries/STM32F4xx_StdPeriph_Driver/src/stm32f4xx_fmc.o
                0x000000000800560c                FMC_PCCARDStructInit
 .text.FMC_PCCARDCmd
                0x0000000008005690       0x3c build/lib/CORTEX_M4F_STM32F4/Libraries/STM32F4xx_StdPeriph_Driver/src/stm32f4xx_fmc.o
                0x0000000008005690                FMC_PCCARDCmd
 .text.FMC_SDRAMDeInit
                0x00000000080056cc       0x44 build/lib/CORTEX_M4F_STM32F4/Libraries/STM32F4xx_StdPeriph_Driver/src/stm32f4xx_fmc.o
                0x00000000080056cc                FMC_SDRAMDeInit
 .text.FMC_SDRAMInit
                0x0000000008005710      0x15c build/lib/CORTEX_M4F_STM32F4/Libraries/STM32F4xx_StdPeriph_Driver/src/stm32f4xx_fmc.o
                0x0000000008005710                FMC_SDRAMInit
 .text.FMC_SDRAMStructInit
                0x000000000800586c       0x88 build/lib/CORTEX_M4F_STM32F4/Libraries/STM32F4xx_StdPeriph_Driver/src/stm32f4xx_fmc.o
                0x000000000800586c                FMC_SDRAMStructInit
 .text.FMC_SDRAMCmdConfig
                0x00000000080058f4       0x40 build/lib/CORTEX_M4F_STM32F4/Libraries/STM32F4xx_StdPeriph_Driver/src/stm32f4xx_fmc.o
                0x00000000080058f4                FMC_SDRAMCmdConfig
 .text.FMC_GetModeStatus
                0x0000000008005934       0x3c build/lib/CORTEX_M4F_STM32F4/Libraries/STM32F4xx_StdPeriph_Driver/src/stm32f4xx_fmc.o
                0x0000000008005934                FMC_GetModeStatus
 .text.FMC_SetRefreshCount
                0x0000000008005970       0x24 build/lib/CORTEX_M4F_STM32F4/Libraries/STM32F4xx_StdPeriph_Driver/src/stm32f4xx_fmc.o
                0x0000000008005970                FMC_SetRefreshCount
 .text.FMC_SetAutoRefresh_Number
                0x0000000008005994       0x24 build/lib/CORTEX_M4F_STM32F4/Libraries/STM32F4xx_StdPeriph_Driver/src/stm32f4xx_fmc.o
                0x0000000008005994                FMC_SetAutoRefresh_Number
 .text.FMC_SDRAMWriteProtectionConfig
                0x00000000080059b8       0x4c build/lib/CORTEX_M4F_STM32F4/Libraries/STM32F4xx_StdPeriph_Driver/src/stm32f4xx_fmc.o
                0x00000000080059b8                FMC_SDRAMWriteProtectionConfig
 .text.FMC_ITConfig
                0x0000000008005a04       0xd0 build/lib/CORTEX_M4F_STM32F4/Libraries/STM32F4xx_StdPeriph_Driver/src/stm32f4xx_fmc.o
                0x0000000008005a04                FMC_ITConfig
 .text.FMC_GetFlagStatus
                0x0000000008005ad4       0x7c build/lib/CORTEX_M4F_STM32F4/Libraries/STM32F4xx_StdPeriph_Driver/src/stm32f4xx_fmc.o
                0x0000000008005ad4                FMC_GetFlagStatus
 .text.FMC_ClearFlag
                0x0000000008005b50       0x78 build/lib/CORTEX_M4F_STM32F4/Libraries/STM32F4xx_StdPeriph_Driver/src/stm32f4xx_fmc.o
                0x0000000008005b50                FMC_ClearFlag
 .text.FMC_GetITStatus
                0x0000000008005bc8       0xb4 build/lib/CORTEX_M4F_STM32F4/Libraries/STM32F4xx_StdPeriph_Driver/src/stm32f4xx_fmc.o
                0x0000000008005bc8                FMC_GetITStatus
 .text.FMC_ClearITPendingBit
                0x0000000008005c7c       0x7c build/lib/CORTEX_M4F_STM32F4/Libraries/STM32F4xx_StdPeriph_Driver/src/stm32f4xx_fmc.o
                0x0000000008005c7c                FMC_ClearITPendingBit
 .text.RNG_DeInit
                0x0000000008005cf8       0x18 build/lib/CORTEX_M4F_STM32F4/Libraries/STM32F4xx_StdPeriph_Driver/src/stm32f4xx_rng.o
                0x0000000008005cf8                RNG_DeInit
 .text.RNG_Cmd  0x0000000008005d10       0x38 build/lib/CORTEX_M4F_STM32F4/Libraries/STM32F4xx_StdPeriph_Driver/src/stm32f4xx_rng.o
                0x0000000008005d10                RNG_Cmd
 .text.RNG_GetRandomNumber
                0x0000000008005d48       0x18 build/lib/CORTEX_M4F_STM32F4/Libraries/STM32F4xx_StdPeriph_Driver/src/stm32f4xx_rng.o
                0x0000000008005d48                RNG_GetRandomNumber
 .text.RNG_ITConfig
                0x0000000008005d60       0x38 build/lib/CORTEX_M4F_STM32F4/Libraries/STM32F4xx_StdPeriph_Driver/src/stm32f4xx_rng.o
                0x0000000008005d60                RNG_ITConfig
 .text.RNG_GetFlagStatus
                0x0000000008005d98       0x38 build/lib/CORTEX_M4F_STM32F4/Libraries/STM32F4xx_StdPeriph_Driver/src/stm32f4xx_rng.o
                0x0000000008005d98                RNG_GetFlagStatus
 .text.RNG_ClearFlag
                0x0000000008005dd0       0x24 build/lib/CORTEX_M4F_STM32F4/Libraries/STM32F4xx_StdPeriph_Driver/src/stm32f4xx_rng.o
                0x0000000008005dd0                RNG_ClearFlag
 .text.RNG_GetITStatus
                0x0000000008005df4       0x38 build/lib/CORTEX_M4F_STM32F4/Libraries/STM32F4xx_StdPeriph_Driver/src/stm32f4xx_rng.o
                0x0000000008005df4                RNG_GetITStatus
 .text.RNG_ClearITPendingBit
                0x0000000008005e2c       0x24 build/lib/CORTEX_M4F_STM32F4/Libraries/STM32F4xx_StdPeriph_Driver/src/stm32f4xx_rng.o
                0x0000000008005e2c                RNG_ClearITPendingBit
 .text.STM_EVAL_LEDInit
                0x0000000008005e50       0x5c build/lib/Utilities/STM32F429I-Discovery/stm32f429i_discovery.o
                0x0000000008005e50                STM_EVAL_LEDInit
 .text.STM_EVAL_LEDOn
                0x0000000008005eac       0x30 build/lib/Utilities/STM32F429I-Discovery/stm32f429i_discovery.o
                0x0000000008005eac                STM_EVAL_LEDOn
 .text.STM_EVAL_LEDOff
                0x0000000008005edc       0x30 build/lib/Utilities/STM32F429I-Discovery/stm32f429i_discovery.o
                0x0000000008005edc                STM_EVAL_LEDOff
 .text.STM_EVAL_LEDToggle
                0x0000000008005f0c       0x3c build/lib/Utilities/STM32F429I-Discovery/stm32f429i_discovery.o
                0x0000000008005f0c                STM_EVAL_LEDToggle
 .text.STM_EVAL_PBInit
                0x0000000008005f48       0x94 build/lib/Utilities/STM32F429I-Discovery/stm32f429i_discovery.o
                0x0000000008005f48                STM_EVAL_PBInit
 .text.STM_EVAL_PBGetState
                0x0000000008005fdc       0x2c build/lib/Utilities/STM32F429I-Discovery/stm32f429i_discovery.o
                0x0000000008005fdc                STM_EVAL_PBGetState
 .text.sEE_LowLevel_DeInit
                0x0000000008006008       0xb8 build/lib/Utilities/STM32F429I-Discovery/stm32f429i_discovery.o
                0x0000000008006008                sEE_LowLevel_DeInit
 .text.sEE_LowLevel_Init
                0x00000000080060c0      0x198 build/lib/Utilities/STM32F429I-Discovery/stm32f429i_discovery.o
                0x00000000080060c0                sEE_LowLevel_Init
 .text.sEE_LowLevel_DMAConfig
                0x0000000008006258       0x5c build/lib/Utilities/STM32F429I-Discovery/stm32f429i_discovery.o
                0x0000000008006258                sEE_LowLevel_DMAConfig
 .text.SDRAM_Init
                0x00000000080062b4       0x74 build/lib/Utilities/STM32F429I-Discovery/stm32f429i_discovery_sdram.o
                0x00000000080062b4                SDRAM_Init
 .text.SDRAM_GPIOConfig
                0x0000000008006328      0x214 build/lib/Utilities/STM32F429I-Discovery/stm32f429i_discovery_sdram.o
                0x0000000008006328                SDRAM_GPIOConfig
 .text.SDRAM_InitSequence
                0x000000000800653c       0xec build/lib/Utilities/STM32F429I-Discovery/stm32f429i_discovery_sdram.o
                0x000000000800653c                SDRAM_InitSequence
 .text.SDRAM_WriteBuffer
                0x0000000008006628       0x54 build/lib/Utilities/STM32F429I-Discovery/stm32f429i_discovery_sdram.o
                0x0000000008006628                SDRAM_WriteBuffer
 .text.SDRAM_ReadBuffer
                0x000000000800667c       0x4c build/lib/Utilities/STM32F429I-Discovery/stm32f429i_discovery_sdram.o
                0x000000000800667c                SDRAM_ReadBuffer
 .text.delay    0x00000000080066c8       0x34 build/lib/Utilities/STM32F429I-Discovery/stm32f429i_discovery_sdram.o
 .text.L3GD20_Init
                0x00000000080066fc       0x78 build/lib/Utilities/STM32F429I-Discovery/stm32f429i_discovery_l3gd20.o
                0x00000000080066fc                L3GD20_Init
 .text.L3GD20_RebootCmd
                0x0000000008006774       0x30 build/lib/Utilities/STM32F429I-Discovery/stm32f429i_discovery_l3gd20.o
[...]
 .debug_info    0x0000000000008e18     0x190e build/lib/Utilities/STM32F429I-Discovery/stm32f429i_discovery_lcd.o
 .debug_info    0x000000000000a726      0xbb8 build/lib/Utilities/STM32F429I-Discovery/stm32f429i_discovery_ioe.o

.debug_abbrev   0x0000000000000000     0x1f1b
 .debug_abbrev  0x0000000000000000      0x166 build/src/main.o
 .debug_abbrev  0x0000000000000166       0x12 build/lib/CORTEX_M4F_STM32F4/startup_stm32f429_439xx.o
 .debug_abbrev  0x0000000000000178      0x138 build/lib/CORTEX_M4F_STM32F4/startup/system_stm32f4xx.o
 .debug_abbrev  0x00000000000002b0      0x147 build/lib/CORTEX_M4F_STM32F4/Libraries/STM32F4xx_StdPeriph_Driver/src/misc.o
 .debug_abbrev  0x00000000000003f7      0x1a5 build/lib/CORTEX_M4F_STM32F4/Libraries/STM32F4xx_StdPeriph_Driver/src/stm32f4xx_gpio.o
 .debug_abbrev  0x000000000000059c      0x1bc build/lib/CORTEX_M4F_STM32F4/Libraries/STM32F4xx_StdPeriph_Driver/src/stm32f4xx_rcc.o
 .debug_abbrev  0x0000000000000758      0x157 build/lib/CORTEX_M4F_STM32F4/Libraries/STM32F4xx_StdPeriph_Driver/src/stm32f4xx_usart.o
 .debug_abbrev  0x00000000000008af      0x133 build/lib/CORTEX_M4F_STM32F4/Libraries/STM32F4xx_StdPeriph_Driver/src/stm32f4xx_syscfg.o
 .debug_abbrev  0x00000000000009e2      0x166 build/lib/CORTEX_M4F_STM32F4/Libraries/STM32F4xx_StdPeriph_Driver/src/stm32f4xx_i2c.o
 .debug_abbrev  0x0000000000000b48      0x157 build/lib/CORTEX_M4F_STM32F4/Libraries/STM32F4xx_StdPeriph_Driver/src/stm32f4xx_dma.o
 .debug_abbrev  0x0000000000000c9f      0x169 build/lib/CORTEX_M4F_STM32F4/Libraries/STM32F4xx_StdPeriph_Driver/src/stm32f4xx_spi.o
 .debug_abbrev  0x0000000000000e08      0x1a7 build/lib/CORTEX_M4F_STM32F4/Libraries/STM32F4xx_StdPeriph_Driver/src/stm32f4xx_exti.o
 .debug_abbrev  0x0000000000000faf      0x1a8 build/lib/CORTEX_M4F_STM32F4/Libraries/STM32F4xx_StdPeriph_Driver/src/stm32f4xx_dma2d.o
 .debug_abbrev  0x0000000000001157      0x190 build/lib/CORTEX_M4F_STM32F4/Libraries/STM32F4xx_StdPeriph_Driver/src/stm32f4xx_ltdc.o
 .debug_abbrev  0x00000000000012e7      0x181 build/lib/CORTEX_M4F_STM32F4/Libraries/STM32F4xx_StdPeriph_Driver/src/stm32f4xx_fmc.o
 .debug_abbrev  0x0000000000001468      0x146 build/lib/CORTEX_M4F_STM32F4/Libraries/STM32F4xx_StdPeriph_Driver/src/stm32f4xx_rng.o
 .debug_abbrev  0x00000000000015ae      0x1bd build/lib/Utilities/STM32F429I-Discovery/stm32f429i_discovery.o
 .debug_abbrev  0x000000000000176b      0x163 build/lib/Utilities/STM32F429I-Discovery/stm32f429i_discovery_sdram.o
 .debug_abbrev  0x00000000000018ce      0x1d3 build/lib/Utilities/STM32F429I-Discovery/stm32f429i_discovery_l3gd20.o
 .debug_abbrev  0x0000000000001aa1      0x251 build/lib/Utilities/STM32F429I-Discovery/stm32f429i_discovery_lcd.o
 .debug_abbrev  0x0000000000001cf2      0x229 build/lib/Utilities/STM32F429I-Discovery/stm32f429i_discovery_ioe.o

.debug_aranges  0x0000000000000000      0xe48
 .debug_aranges
                0x0000000000000000       0x40 build/src/main.o
 .debug_aranges
                0x0000000000000040       0x28 build/lib/CORTEX_M4F_STM32F4/startup_stm32f429_439xx.o
 .debug_aranges
                0x0000000000000068       0x30 build/lib/CORTEX_M4F_STM32F4/startup/system_stm32f4xx.o
 .debug_aranges
                0x0000000000000098       0x40 build/lib/CORTEX_M4F_STM32F4/Libraries/STM32F4xx_StdPeriph_Driver/src/misc.o
 .debug_aranges
                0x00000000000000d8       0x88 build/lib/CORTEX_M4F_STM32F4/Libraries/STM32F4xx_StdPeriph_Driver/src/stm32f4xx_gpio.o
 .debug_aranges
                0x0000000000000160      0x1b8 build/lib/CORTEX_M4F_STM32F4/Libraries/STM32F4xx_StdPeriph_Driver/src/stm32f4xx_rcc.o
 .debug_aranges
                0x0000000000000318      0x100 build/lib/CORTEX_M4F_STM32F4/Libraries/STM32F4xx_StdPeriph_Driver/src/stm32f4xx_usart.o
 .debug_aranges
                0x0000000000000418       0x50 build/lib/CORTEX_M4F_STM32F4/Libraries/STM32F4xx_StdPeriph_Driver/src/stm32f4xx_syscfg.o
 .debug_aranges
                0x0000000000000468      0x130 build/lib/CORTEX_M4F_STM32F4/Libraries/STM32F4xx_StdPeriph_Driver/src/stm32f4xx_i2c.o
 .debug_aranges
                0x0000000000000598       0xb0 build/lib/CORTEX_M4F_STM32F4/Libraries/STM32F4xx_StdPeriph_Driver/src/stm32f4xx_dma.o
 .debug_aranges
                0x0000000000000648       0xe0 build/lib/CORTEX_M4F_STM32F4/Libraries/STM32F4xx_StdPeriph_Driver/src/stm32f4xx_spi.o
 .debug_aranges
                0x0000000000000728       0x58 build/lib/CORTEX_M4F_STM32F4/Libraries/STM32F4xx_StdPeriph_Driver/src/stm32f4xx_exti.o
 .debug_aranges
                0x0000000000000780       0xb0 build/lib/CORTEX_M4F_STM32F4/Libraries/STM32F4xx_StdPeriph_Driver/src/stm32f4xx_dma2d.o
 .debug_aranges
                0x0000000000000830      0x108 build/lib/CORTEX_M4F_STM32F4/Libraries/STM32F4xx_StdPeriph_Driver/src/stm32f4xx_ltdc.o
 .debug_aranges
                0x0000000000000938       0xf0 build/lib/CORTEX_M4F_STM32F4/Libraries/STM32F4xx_StdPeriph_Driver/src/stm32f4xx_fmc.o
 .debug_aranges
                0x0000000000000a28       0x58 build/lib/CORTEX_M4F_STM32F4/Libraries/STM32F4xx_StdPeriph_Driver/src/stm32f4xx_rng.o
 .debug_aranges
                0x0000000000000a80       0x60 build/lib/Utilities/STM32F429I-Discovery/stm32f429i_discovery.o
 .debug_aranges
                0x0000000000000ae0       0x48 build/lib/Utilities/STM32F429I-Discovery/stm32f429i_discovery_sdram.o
 .debug_aranges
                0x0000000000000b28       0x80 build/lib/Utilities/STM32F429I-Discovery/stm32f429i_discovery_l3gd20.o
 .debug_aranges
                0x0000000000000ba8      0x1b0 build/lib/Utilities/STM32F429I-Discovery/stm32f429i_discovery_lcd.o
 .debug_aranges
                0x0000000000000d58       0xf0 build/lib/Utilities/STM32F429I-Discovery/stm32f429i_discovery_ioe.o

.debug_ranges   0x0000000000000000      0xd00
 .debug_ranges  0x0000000000000000       0x30 build/src/main.o
 .debug_ranges  0x0000000000000030       0x20 build/lib/CORTEX_M4F_STM32F4/startup_stm32f429_439xx.o
 .debug_ranges  0x0000000000000050       0x20 build/lib/CORTEX_M4F_STM32F4/startup/system_stm32f4xx.o
 .debug_ranges  0x0000000000000070       0x30 build/lib/CORTEX_M4F_STM32F4/Libraries/STM32F4xx_StdPeriph_Driver/src/misc.o
 .debug_ranges  0x00000000000000a0       0x78 build/lib/CORTEX_M4F_STM32F4/Libraries/STM32F4xx_StdPeriph_Driver/src/stm32f4xx_gpio.o
 .debug_ranges  0x0000000000000118      0x1a8 build/lib/CORTEX_M4F_STM32F4/Libraries/STM32F4xx_StdPeriph_Driver/src/stm32f4xx_rcc.o
 .debug_ranges  0x00000000000002c0       0xf0 build/lib/CORTEX_M4F_STM32F4/Libraries/STM32F4xx_StdPeriph_Driver/src/stm32f4xx_usart.o
 .debug_ranges  0x00000000000003b0       0x40 build/lib/CORTEX_M4F_STM32F4/Libraries/STM32F4xx_StdPeriph_Driver/src/stm32f4xx_syscfg.o
 .debug_ranges  0x00000000000003f0      0x120 build/lib/CORTEX_M4F_STM32F4/Libraries/STM32F4xx_StdPeriph_Driver/src/stm32f4xx_i2c.o
 .debug_ranges  0x0000000000000510       0xa0 build/lib/CORTEX_M4F_STM32F4/Libraries/STM32F4xx_StdPeriph_Driver/src/stm32f4xx_dma.o
 .debug_ranges  0x00000000000005b0       0xd0 build/lib/CORTEX_M4F_STM32F4/Libraries/STM32F4xx_StdPeriph_Driver/src/stm32f4xx_spi.o
 .debug_ranges  0x0000000000000680       0x48 build/lib/CORTEX_M4F_STM32F4/Libraries/STM32F4xx_StdPeriph_Driver/src/stm32f4xx_exti.o
 .debug_ranges  0x00000000000006c8       0xa0 build/lib/CORTEX_M4F_STM32F4/Libraries/STM32F4xx_StdPeriph_Driver/src/stm32f4xx_dma2d.o
 .debug_ranges  0x0000000000000768       0xf8 build/lib/CORTEX_M4F_STM32F4/Libraries/STM32F4xx_StdPeriph_Driver/src/stm32f4xx_ltdc.o
 .debug_ranges  0x0000000000000860       0xe0 build/lib/CORTEX_M4F_STM32F4/Libraries/STM32F4xx_StdPeriph_Driver/src/stm32f4xx_fmc.o
 .debug_ranges  0x0000000000000940       0x48 build/lib/CORTEX_M4F_STM32F4/Libraries/STM32F4xx_StdPeriph_Driver/src/stm32f4xx_rng.o
 .debug_ranges  0x0000000000000988       0x50 build/lib/Utilities/STM32F429I-Discovery/stm32f429i_discovery.o
 .debug_ranges  0x00000000000009d8       0x38 build/lib/Utilities/STM32F429I-Discovery/stm32f429i_discovery_sdram.o
 .debug_ranges  0x0000000000000a10       0x70 build/lib/Utilities/STM32F429I-Discovery/stm32f429i_discovery_l3gd20.o
 .debug_ranges  0x0000000000000a80      0x1a0 build/lib/Utilities/STM32F429I-Discovery/stm32f429i_discovery_lcd.o
 .debug_ranges  0x0000000000000c20       0xe0 build/lib/Utilities/STM32F429I-Discovery/stm32f429i_discovery_ioe.o

.debug_line     0x0000000000000000     0x4dc5
 .debug_line    0x0000000000000000      0x25d build/src/main.o
 .debug_line    0x000000000000025d       0x8c build/lib/CORTEX_M4F_STM32F4/startup_stm32f429_439xx.o
 .debug_line    0x00000000000002e9      0x1b1 build/lib/CORTEX_M4F_STM32F4/startup/system_stm32f4xx.o
 .debug_line    0x000000000000049a      0x1fc build/lib/CORTEX_M4F_STM32F4/Libraries/STM32F4xx_StdPeriph_Driver/src/misc.o
 .debug_line    0x0000000000000696      0x2fc build/lib/CORTEX_M4F_STM32F4/Libraries/STM32F4xx_StdPeriph_Driver/src/stm32f4xx_gpio.o
 .debug_line    0x0000000000000992      0x5f8 build/lib/CORTEX_M4F_STM32F4/Libraries/STM32F4xx_StdPeriph_Driver/src/stm32f4xx_rcc.o
 .debug_line    0x0000000000000f8a      0x45f build/lib/CORTEX_M4F_STM32F4/Libraries/STM32F4xx_StdPeriph_Driver/src/stm32f4xx_usart.o
 .debug_line    0x00000000000013e9      0x1da build/lib/CORTEX_M4F_STM32F4/Libraries/STM32F4xx_StdPeriph_Driver/src/stm32f4xx_syscfg.o
 .debug_line    0x00000000000015c3      0x4bc build/lib/CORTEX_M4F_STM32F4/Libraries/STM32F4xx_StdPeriph_Driver/src/stm32f4xx_i2c.o
 .debug_line    0x0000000000001a7f      0x393 build/lib/CORTEX_M4F_STM32F4/Libraries/STM32F4xx_StdPeriph_Driver/src/stm32f4xx_dma.o
 .debug_line    0x0000000000001e12      0x412 build/lib/CORTEX_M4F_STM32F4/Libraries/STM32F4xx_StdPeriph_Driver/src/stm32f4xx_spi.o
 .debug_line    0x0000000000002224      0x253 build/lib/CORTEX_M4F_STM32F4/Libraries/STM32F4xx_StdPeriph_Driver/src/stm32f4xx_exti.o
 .debug_line    0x0000000000002477      0x38b build/lib/CORTEX_M4F_STM32F4/Libraries/STM32F4xx_StdPeriph_Driver/src/stm32f4xx_dma2d.o
 .debug_line    0x0000000000002802      0x4b9 build/lib/CORTEX_M4F_STM32F4/Libraries/STM32F4xx_StdPeriph_Driver/src/stm32f4xx_ltdc.o
 .debug_line    0x0000000000002cbb      0x526 build/lib/CORTEX_M4F_STM32F4/Libraries/STM32F4xx_StdPeriph_Driver/src/stm32f4xx_fmc.o
 .debug_line    0x00000000000031e1      0x1ec build/lib/CORTEX_M4F_STM32F4/Libraries/STM32F4xx_StdPeriph_Driver/src/stm32f4xx_rng.o
 .debug_line    0x00000000000033cd      0x2df build/lib/Utilities/STM32F429I-Discovery/stm32f429i_discovery.o
 .debug_line    0x00000000000036ac      0x2f7 build/lib/Utilities/STM32F429I-Discovery/stm32f429i_discovery_sdram.o
 .debug_line    0x00000000000039a3      0x341 build/lib/Utilities/STM32F429I-Discovery/stm32f429i_discovery_l3gd20.o
 .debug_line    0x0000000000003ce4      0x9d1 build/lib/Utilities/STM32F429I-Discovery/stm32f429i_discovery_lcd.o
 .debug_line    0x00000000000046b5      0x710 build/lib/Utilities/STM32F429I-Discovery/stm32f429i_discovery_ioe.o

.debug_str      0x0000000000000000     0x4f2b
 .debug_str     0x0000000000000000      0x4b2 build/src/main.o
                                        0x50e (size before relaxing)
 .debug_str     0x00000000000004b2      0x230 build/lib/CORTEX_M4F_STM32F4/startup/system_stm32f4xx.o
                                        0x443 (size before relaxing)
 .debug_str     0x00000000000006e2      0x1eb build/lib/CORTEX_M4F_STM32F4/Libraries/STM32F4xx_StdPeriph_Driver/src/misc.o
                                        0x468 (size before relaxing)
 .debug_str     0x00000000000008cd      0x1ae build/lib/CORTEX_M4F_STM32F4/Libraries/STM32F4xx_StdPeriph_Driver/src/stm32f4xx_gpio.o
                                        0x53a (size before relaxing)
 .debug_str     0x0000000000000a7b      0x6ab build/lib/CORTEX_M4F_STM32F4/Libraries/STM32F4xx_StdPeriph_Driver/src/stm32f4xx_rcc.o
                                        0xa37 (size before relaxing)
 .debug_str     0x0000000000001126      0x43e build/lib/CORTEX_M4F_STM32F4/Libraries/STM32F4xx_StdPeriph_Driver/src/stm32f4xx_usart.o
                                        0x729 (size before relaxing)
 .debug_str     0x0000000000001564      0x184 build/lib/CORTEX_M4F_STM32F4/Libraries/STM32F4xx_StdPeriph_Driver/src/stm32f4xx_syscfg.o
                                        0x3a8 (size before relaxing)
 .debug_str     0x00000000000016e8      0x43e build/lib/CORTEX_M4F_STM32F4/Libraries/STM32F4xx_StdPeriph_Driver/src/stm32f4xx_i2c.o
                                        0x74c (size before relaxing)
 .debug_str     0x0000000000001b26      0x391 build/lib/CORTEX_M4F_STM32F4/Libraries/STM32F4xx_StdPeriph_Driver/src/stm32f4xx_dma.o
                                        0x5dc (size before relaxing)
 .debug_str     0x0000000000001eb7      0x3a0 build/lib/CORTEX_M4F_STM32F4/Libraries/STM32F4xx_StdPeriph_Driver/src/stm32f4xx_spi.o
                                        0x737 (size before relaxing)
 .debug_str     0x0000000000002257      0x1d4 build/lib/CORTEX_M4F_STM32F4/Libraries/STM32F4xx_StdPeriph_Driver/src/stm32f4xx_exti.o
                                        0x3e6 (size before relaxing)
 .debug_str     0x000000000000242b      0x590 build/lib/CORTEX_M4F_STM32F4/Libraries/STM32F4xx_StdPeriph_Driver/src/stm32f4xx_dma2d.o
                                        0x7d0 (size before relaxing)
 .debug_str     0x00000000000029bb      0x811 build/lib/CORTEX_M4F_STM32F4/Libraries/STM32F4xx_StdPeriph_Driver/src/stm32f4xx_ltdc.o
                                        0xac2 (size before relaxing)
 .debug_str     0x00000000000031cc      0x8d0 build/lib/CORTEX_M4F_STM32F4/Libraries/STM32F4xx_StdPeriph_Driver/src/stm32f4xx_fmc.o
                                        0xb05 (size before relaxing)
 .debug_str     0x0000000000003a9c       0xe6 build/lib/CORTEX_M4F_STM32F4/Libraries/STM32F4xx_StdPeriph_Driver/src/stm32f4xx_rng.o
                                        0x313 (size before relaxing)
 .debug_str     0x0000000000003b82      0x776 build/lib/Utilities/STM32F429I-Discovery/stm32f429i_discovery.o
                                        0xe1f (size before relaxing)
 .debug_str     0x00000000000042f8      0x12b build/lib/Utilities/STM32F429I-Discovery/stm32f429i_discovery_sdram.o
                                        0x6be (size before relaxing)
 .debug_str     0x0000000000004423      0x25d build/lib/Utilities/STM32F429I-Discovery/stm32f429i_discovery_l3gd20.o
                                        0x7db (size before relaxing)
 .debug_str     0x0000000000004680      0x5ac build/lib/Utilities/STM32F429I-Discovery/stm32f429i_discovery_lcd.o
                                        0xf8a (size before relaxing)
 .debug_str     0x0000000000004c2c      0x2ff build/lib/Utilities/STM32F429I-Discovery/stm32f429i_discovery_ioe.o
                                        0x906 (size before relaxing)

.comment        0x0000000000000000       0x20
 .comment       0x0000000000000000       0x20 build/src/main.o
                                         0x21 (size before relaxing)
 .comment       0x0000000000000020       0x21 build/lib/CORTEX_M4F_STM32F4/startup/system_stm32f4xx.o
 .comment       0x0000000000000020       0x21 build/lib/CORTEX_M4F_STM32F4/Libraries/STM32F4xx_StdPeriph_Driver/src/misc.o
 .comment       0x0000000000000020       0x21 build/lib/CORTEX_M4F_STM32F4/Libraries/STM32F4xx_StdPeriph_Driver/src/stm32f4xx_gpio.o
 .comment       0x0000000000000020       0x21 build/lib/CORTEX_M4F_STM32F4/Libraries/STM32F4xx_StdPeriph_Driver/src/stm32f4xx_rcc.o
 .comment       0x0000000000000020       0x21 build/lib/CORTEX_M4F_STM32F4/Libraries/STM32F4xx_StdPeriph_Driver/src/stm32f4xx_usart.o
 .comment       0x0000000000000020       0x21 build/lib/CORTEX_M4F_STM32F4/Libraries/STM32F4xx_StdPeriph_Driver/src/stm32f4xx_syscfg.o
 .comment       0x0000000000000020       0x21 build/lib/CORTEX_M4F_STM32F4/Libraries/STM32F4xx_StdPeriph_Driver/src/stm32f4xx_i2c.o
 .comment       0x0000000000000020       0x21 build/lib/CORTEX_M4F_STM32F4/Libraries/STM32F4xx_StdPeriph_Driver/src/stm32f4xx_dma.o
 .comment       0x0000000000000020       0x21 build/lib/CORTEX_M4F_STM32F4/Libraries/STM32F4xx_StdPeriph_Driver/src/stm32f4xx_spi.o
 .comment       0x0000000000000020       0x21 build/lib/CORTEX_M4F_STM32F4/Libraries/STM32F4xx_StdPeriph_Driver/src/stm32f4xx_exti.o
 .comment       0x0000000000000020       0x21 build/lib/CORTEX_M4F_STM32F4/Libraries/STM32F4xx_StdPeriph_Driver/src/stm32f4xx_dma2d.o
 .comment       0x0000000000000020       0x21 build/lib/CORTEX_M4F_STM32F4/Libraries/STM32F4xx_StdPeriph_Driver/src/stm32f4xx_ltdc.o
 .comment       0x0000000000000020       0x21 build/lib/CORTEX_M4F_STM32F4/Libraries/STM32F4xx_StdPeriph_Driver/src/stm32f4xx_fmc.o
 .comment       0x0000000000000020       0x21 build/lib/CORTEX_M4F_STM32F4/Libraries/STM32F4xx_StdPeriph_Driver/src/stm32f4xx_rng.o
 .comment       0x0000000000000020       0x21 build/lib/Utilities/STM32F429I-Discovery/stm32f429i_discovery.o
 .comment       0x0000000000000020       0x21 build/lib/Utilities/STM32F429I-Discovery/stm32f429i_discovery_sdram.o
 .comment       0x0000000000000020       0x21 build/lib/Utilities/STM32F429I-Discovery/stm32f429i_discovery_l3gd20.o
 .comment       0x0000000000000020       0x21 build/lib/Utilities/STM32F429I-Discovery/stm32f429i_discovery_lcd.o
 .comment       0x0000000000000020       0x21 build/lib/Utilities/STM32F429I-Discovery/stm32f429i_discovery_ioe.o

.debug_frame    0x0000000000000000     0x2d5c
 .debug_frame   0x0000000000000000       0xa8 build/src/main.o
 .debug_frame   0x00000000000000a8       0x64 build/lib/CORTEX_M4F_STM32F4/startup/system_stm32f4xx.o
 .debug_frame   0x000000000000010c       0x9c build/lib/CORTEX_M4F_STM32F4/Libraries/STM32F4xx_StdPeriph_Driver/src/misc.o
 .debug_frame   0x00000000000001a8      0x19c build/lib/CORTEX_M4F_STM32F4/Libraries/STM32F4xx_StdPeriph_Driver/src/stm32f4xx_gpio.o
 .debug_frame   0x0000000000000344      0x5b8 build/lib/CORTEX_M4F_STM32F4/Libraries/STM32F4xx_StdPeriph_Driver/src/stm32f4xx_rcc.o
 .debug_frame   0x00000000000008fc      0x344 build/lib/CORTEX_M4F_STM32F4/Libraries/STM32F4xx_StdPeriph_Driver/src/stm32f4xx_usart.o
 .debug_frame   0x0000000000000c40       0xd8 build/lib/CORTEX_M4F_STM32F4/Libraries/STM32F4xx_StdPeriph_Driver/src/stm32f4xx_syscfg.o
 .debug_frame   0x0000000000000d18      0x3ec build/lib/CORTEX_M4F_STM32F4/Libraries/STM32F4xx_StdPeriph_Driver/src/stm32f4xx_i2c.o
 .debug_frame   0x0000000000001104      0x224 build/lib/CORTEX_M4F_STM32F4/Libraries/STM32F4xx_StdPeriph_Driver/src/stm32f4xx_dma.o
 .debug_frame   0x0000000000001328      0x2d0 build/lib/CORTEX_M4F_STM32F4/Libraries/STM32F4xx_StdPeriph_Driver/src/stm32f4xx_spi.o
 .debug_frame   0x00000000000015f8       0xec build/lib/CORTEX_M4F_STM32F4/Libraries/STM32F4xx_StdPeriph_Driver/src/stm32f4xx_exti.o
 .debug_frame   0x00000000000016e4      0x21c build/lib/CORTEX_M4F_STM32F4/Libraries/STM32F4xx_StdPeriph_Driver/src/stm32f4xx_dma2d.o
 .debug_frame   0x0000000000001900      0x358 build/lib/CORTEX_M4F_STM32F4/Libraries/STM32F4xx_StdPeriph_Driver/src/stm32f4xx_ltdc.o
 .debug_frame   0x0000000000001c58      0x300 build/lib/CORTEX_M4F_STM32F4/Libraries/STM32F4xx_StdPeriph_Driver/src/stm32f4xx_fmc.o
 .debug_frame   0x0000000000001f58       0xec build/lib/CORTEX_M4F_STM32F4/Libraries/STM32F4xx_StdPeriph_Driver/src/stm32f4xx_rng.o
 .debug_frame   0x0000000000002044      0x124 build/lib/Utilities/STM32F429I-Discovery/stm32f429i_discovery.o
 .debug_frame   0x0000000000002168       0xcc build/lib/Utilities/STM32F429I-Discovery/stm32f429i_discovery_sdram.o
 .debug_frame   0x0000000000002234      0x1a8 build/lib/Utilities/STM32F429I-Discovery/stm32f429i_discovery_l3gd20.o
 .debug_frame   0x00000000000023dc      0x628 build/lib/Utilities/STM32F429I-Discovery/stm32f429i_discovery_lcd.o
 .debug_frame   0x0000000000002a04      0x358 build/lib/Utilities/STM32F429I-Discovery/stm32f429i_discovery_ioe.o
